Info: Starting: Create block symbol file (.bsf)
Info: qsys-generate C:\Users\jarsulk\Desktop\max10_test\05.nios_ii_e\nios_ii_e.qsys --block-symbol-file --output-directory=C:\Users\jarsulk\Desktop\max10_test\05.nios_ii_e\nios_ii_e --family="Cyclone IV E" --part=EP4CE10E22A7
Progress: Loading 05.nios_ii_e/nios_ii_e.qsys
Progress: Reading input file
Progress: Adding DEBUG [altera_avalon_jtag_uart 22.1]
Progress: Parameterizing module DEBUG
Progress: Adding NiosIIe [altera_nios2_gen2 22.1]
Progress: Parameterizing module NiosIIe
Progress: Adding SRAM [altera_avalon_onchip_memory2 22.1]
Progress: Parameterizing module SRAM
Progress: Adding clk_0 [clock_source 22.1]
Progress: Parameterizing module clk_0
Progress: Building connections
Progress: Parameterizing connections
Progress: Validating
Progress: Done reading input file
Info: nios_ii_e.DEBUG: JTAG UART IP input clock need to be at least double (2x) the operating frequency of JTAG TCK on board
Info: qsys-generate succeeded.
Info: Finished: Create block symbol file (.bsf)
Info: 
Info: Starting: Create HDL design files for synthesis
Info: qsys-generate C:\Users\jarsulk\Desktop\max10_test\05.nios_ii_e\nios_ii_e.qsys --synthesis=VERILOG --output-directory=C:\Users\jarsulk\Desktop\max10_test\05.nios_ii_e\nios_ii_e\synthesis --family="Cyclone IV E" --part=EP4CE10E22A7
Progress: Loading 05.nios_ii_e/nios_ii_e.qsys
Progress: Reading input file
Progress: Adding DEBUG [altera_avalon_jtag_uart 22.1]
Progress: Parameterizing module DEBUG
Progress: Adding NiosIIe [altera_nios2_gen2 22.1]
Progress: Parameterizing module NiosIIe
Progress: Adding SRAM [altera_avalon_onchip_memory2 22.1]
Progress: Parameterizing module SRAM
Progress: Adding clk_0 [clock_source 22.1]
Progress: Parameterizing module clk_0
Progress: Building connections
Progress: Parameterizing connections
Progress: Validating
Progress: Done reading input file
Info: nios_ii_e.DEBUG: JTAG UART IP input clock need to be at least double (2x) the operating frequency of JTAG TCK on board
Info: nios_ii_e: Generating nios_ii_e "nios_ii_e" for QUARTUS_SYNTH
Info: DEBUG: Starting RTL generation for module 'nios_ii_e_DEBUG'
Info: DEBUG:   Generation command is [exec C:/intelfpga_lite/22.1std/quartus/bin64/perl/bin/perl.exe -I C:/intelfpga_lite/22.1std/quartus/bin64/perl/lib -I C:/intelfpga_lite/22.1std/quartus/sopc_builder/bin/europa -I C:/intelfpga_lite/22.1std/quartus/sopc_builder/bin -I C:/intelfpga_lite/22.1std/quartus/../ip/altera/sopc_builder_ip/common -I C:/intelfpga_lite/22.1std/quartus/../ip/altera/sopc_builder_ip/altera_avalon_jtag_uart -- C:/intelfpga_lite/22.1std/quartus/../ip/altera/sopc_builder_ip/altera_avalon_jtag_uart/generate_rtl.pl --name=nios_ii_e_DEBUG --dir=C:/Users/jarsulk/AppData/Local/Temp/alt0576_5681144544485148152.dir/0002_DEBUG_gen/ --quartus_dir=C:/intelfpga_lite/22.1std/quartus --verilog --config=C:/Users/jarsulk/AppData/Local/Temp/alt0576_5681144544485148152.dir/0002_DEBUG_gen//nios_ii_e_DEBUG_component_configuration.pl  --do_build_sim=0  ]
Info: DEBUG: Done RTL generation for module 'nios_ii_e_DEBUG'
Info: DEBUG: "nios_ii_e" instantiated altera_avalon_jtag_uart "DEBUG"
Info: NiosIIe: "nios_ii_e" instantiated altera_nios2_gen2 "NiosIIe"
Info: SRAM: Starting RTL generation for module 'nios_ii_e_SRAM'
Info: SRAM:   Generation command is [exec C:/intelfpga_lite/22.1std/quartus/bin64/perl/bin/perl.exe -I C:/intelfpga_lite/22.1std/quartus/bin64/perl/lib -I C:/intelfpga_lite/22.1std/quartus/sopc_builder/bin/europa -I C:/intelfpga_lite/22.1std/quartus/sopc_builder/bin -I C:/intelfpga_lite/22.1std/quartus/../ip/altera/sopc_builder_ip/common -I C:/intelfpga_lite/22.1std/quartus/../ip/altera/sopc_builder_ip/altera_avalon_onchip_memory2 -- C:/intelfpga_lite/22.1std/quartus/../ip/altera/sopc_builder_ip/altera_avalon_onchip_memory2/generate_rtl.pl --name=nios_ii_e_SRAM --dir=C:/Users/jarsulk/AppData/Local/Temp/alt0576_5681144544485148152.dir/0003_SRAM_gen/ --quartus_dir=C:/intelfpga_lite/22.1std/quartus --verilog --config=C:/Users/jarsulk/AppData/Local/Temp/alt0576_5681144544485148152.dir/0003_SRAM_gen//nios_ii_e_SRAM_component_configuration.pl  --do_build_sim=0  ]
Info: SRAM: Done RTL generation for module 'nios_ii_e_SRAM'
Info: SRAM: "nios_ii_e" instantiated altera_avalon_onchip_memory2 "SRAM"
Info: avalon_st_adapter: Inserting error_adapter: error_adapter_0
Info: avalon_st_adapter_001: Inserting error_adapter: error_adapter_0
Info: avalon_st_adapter_002: Inserting error_adapter: error_adapter_0
Info: mm_interconnect_0: "nios_ii_e" instantiated altera_mm_interconnect "mm_interconnect_0"
Info: irq_mapper: "nios_ii_e" instantiated altera_irq_mapper "irq_mapper"
Info: rst_controller: "nios_ii_e" instantiated altera_reset_controller "rst_controller"
Info: cpu: Starting RTL generation for module 'nios_ii_e_NiosIIe_cpu'
Info: cpu:   Generation command is [exec C:/intelFPGA_lite/22.1std/quartus/bin64//perl/bin/perl.exe -I C:/intelFPGA_lite/22.1std/quartus/bin64//perl/lib -I C:/intelfpga_lite/22.1std/quartus/sopc_builder/bin/europa -I C:/intelfpga_lite/22.1std/quartus/sopc_builder/bin -I C:/intelfpga_lite/22.1std/quartus/../ip/altera/nios2_ip/altera_nios2_gen2/cpu_lib -I C:/intelfpga_lite/22.1std/quartus/../ip/altera/nios2_ip/altera_nios2_gen2/nios_lib -I C:/intelfpga_lite/22.1std/quartus/../ip/altera/nios2_ip/altera_nios2_gen2 -I C:/intelfpga_lite/22.1std/quartus/../ip/altera/nios2_ip/altera_nios2_gen2 -- C:/intelfpga_lite/22.1std/quartus/../ip/altera/nios2_ip/altera_nios2_gen2/generate_rtl.pl --name=nios_ii_e_NiosIIe_cpu --dir=C:/Users/jarsulk/AppData/Local/Temp/alt0576_5681144544485148152.dir/0006_cpu_gen/ --quartus_bindir=C:/intelFPGA_lite/22.1std/quartus/bin64/ --verilog --config=C:/Users/jarsulk/AppData/Local/Temp/alt0576_5681144544485148152.dir/0006_cpu_gen//nios_ii_e_NiosIIe_cpu_processor_configuration.pl  --do_build_sim=0  ]
Info: cpu: # 2026.05.03 03:15:15 (*) Starting Nios II generation
Info: cpu: # 2026.05.03 03:15:15 (*)   Elaborating CPU configuration settings
Info: cpu: # 2026.05.03 03:15:15 (*)   Creating all objects for CPU
Info: cpu: # 2026.05.03 03:15:15 (*)   Generating RTL from CPU objects
Info: cpu: # 2026.05.03 03:15:15 (*)   Creating plain-text RTL
Info: cpu: # 2026.05.03 03:15:15 (*) Done Nios II generation
Info: cpu: Done RTL generation for module 'nios_ii_e_NiosIIe_cpu'
Info: cpu: "NiosIIe" instantiated altera_nios2_gen2_unit "cpu"
Info: NiosIIe_data_master_translator: "mm_interconnect_0" instantiated altera_merlin_master_translator "NiosIIe_data_master_translator"
Info: DEBUG_avalon_jtag_slave_translator: "mm_interconnect_0" instantiated altera_merlin_slave_translator "DEBUG_avalon_jtag_slave_translator"
Info: NiosIIe_data_master_agent: "mm_interconnect_0" instantiated altera_merlin_master_agent "NiosIIe_data_master_agent"
Info: DEBUG_avalon_jtag_slave_agent: "mm_interconnect_0" instantiated altera_merlin_slave_agent "DEBUG_avalon_jtag_slave_agent"
Info: DEBUG_avalon_jtag_slave_agent_rsp_fifo: "mm_interconnect_0" instantiated altera_avalon_sc_fifo "DEBUG_avalon_jtag_slave_agent_rsp_fifo"
Info: router: "mm_interconnect_0" instantiated altera_merlin_router "router"
Info: router_001: "mm_interconnect_0" instantiated altera_merlin_router "router_001"
Info: router_002: "mm_interconnect_0" instantiated altera_merlin_router "router_002"
Info: router_003: "mm_interconnect_0" instantiated altera_merlin_router "router_003"
Info: cmd_demux: "mm_interconnect_0" instantiated altera_merlin_demultiplexer "cmd_demux"
Info: cmd_demux_001: "mm_interconnect_0" instantiated altera_merlin_demultiplexer "cmd_demux_001"
Info: cmd_mux: "mm_interconnect_0" instantiated altera_merlin_multiplexer "cmd_mux"
Info: cmd_mux_001: "mm_interconnect_0" instantiated altera_merlin_multiplexer "cmd_mux_001"
Info: Reusing file C:/Users/jarsulk/Desktop/max10_test/05.nios_ii_e/nios_ii_e/synthesis/submodules/altera_merlin_arbitrator.sv
Info: rsp_demux: "mm_interconnect_0" instantiated altera_merlin_demultiplexer "rsp_demux"
Info: rsp_mux: "mm_interconnect_0" instantiated altera_merlin_multiplexer "rsp_mux"
Info: Reusing file C:/Users/jarsulk/Desktop/max10_test/05.nios_ii_e/nios_ii_e/synthesis/submodules/altera_merlin_arbitrator.sv
Info: rsp_mux_001: "mm_interconnect_0" instantiated altera_merlin_multiplexer "rsp_mux_001"
Info: Reusing file C:/Users/jarsulk/Desktop/max10_test/05.nios_ii_e/nios_ii_e/synthesis/submodules/altera_merlin_arbitrator.sv
Info: avalon_st_adapter: "mm_interconnect_0" instantiated altera_avalon_st_adapter "avalon_st_adapter"
Info: error_adapter_0: "avalon_st_adapter" instantiated error_adapter "error_adapter_0"
Info: nios_ii_e: Done "nios_ii_e" with 26 modules, 39 files
Info: qsys-generate succeeded.
Info: Finished: Create HDL design files for synthesis
