Archive member included to satisfy reference by file (symbol)

c:/intelfpga_lite/22.1std/nios2eds/bin/gnu/h-x86_64-mingw32/bin/../lib/gcc/nios2-elf/12.2.1/../../../../../H-x86_64-mingw32/nios2-elf/lib/mno-hw-mul\libsmallc.a(lib_a-printf.o)
                              obj/default/hello_world_small.o (printf)
c:/intelfpga_lite/22.1std/nios2eds/bin/gnu/h-x86_64-mingw32/bin/../lib/gcc/nios2-elf/12.2.1/../../../../../H-x86_64-mingw32/nios2-elf/lib/mno-hw-mul\libsmallc.a(lib_a-vfprintf.o)
                              c:/intelfpga_lite/22.1std/nios2eds/bin/gnu/h-x86_64-mingw32/bin/../lib/gcc/nios2-elf/12.2.1/../../../../../H-x86_64-mingw32/nios2-elf/lib/mno-hw-mul\libsmallc.a(lib_a-printf.o) (___vfprintf_internal_r)
c:/intelfpga_lite/22.1std/nios2eds/bin/gnu/h-x86_64-mingw32/bin/../lib/gcc/nios2-elf/12.2.1/../../../../../H-x86_64-mingw32/nios2-elf/lib/mno-hw-mul\libsmallc.a(lib_a-fvwrite_small_dev.o)
                              c:/intelfpga_lite/22.1std/nios2eds/bin/gnu/h-x86_64-mingw32/bin/../lib/gcc/nios2-elf/12.2.1/../../../../../H-x86_64-mingw32/nios2-elf/lib/mno-hw-mul\libsmallc.a(lib_a-printf.o) (__sfvwrite_small_dev)
c:/intelfpga_lite/22.1std/nios2eds/bin/gnu/h-x86_64-mingw32/bin/../lib/gcc/nios2-elf/12.2.1/../../../../../H-x86_64-mingw32/nios2-elf/lib/mno-hw-mul\libsmallc.a(lib_a-impure.o)
                              c:/intelfpga_lite/22.1std/nios2eds/bin/gnu/h-x86_64-mingw32/bin/../lib/gcc/nios2-elf/12.2.1/../../../../../H-x86_64-mingw32/nios2-elf/lib/mno-hw-mul\libsmallc.a(lib_a-printf.o) (_impure_ptr)
c:/intelfpga_lite/22.1std/nios2eds/bin/gnu/h-x86_64-mingw32/bin/../lib/gcc/nios2-elf/12.2.1/../../../../../H-x86_64-mingw32/nios2-elf/lib/mno-hw-mul\libsmallc.a(lib_a-strlen.o)
                              c:/intelfpga_lite/22.1std/nios2eds/bin/gnu/h-x86_64-mingw32/bin/../lib/gcc/nios2-elf/12.2.1/../../../../../H-x86_64-mingw32/nios2-elf/lib/mno-hw-mul\libsmallc.a(lib_a-vfprintf.o) (strlen)
c:/intelfpga_lite/22.1std/nios2eds/bin/gnu/h-x86_64-mingw32/bin/../lib/gcc/nios2-elf/12.2.1/../../../../../H-x86_64-mingw32/nios2-elf/lib/mno-hw-mul\libsmallc.a(lib_a-writer.o)
                              c:/intelfpga_lite/22.1std/nios2eds/bin/gnu/h-x86_64-mingw32/bin/../lib/gcc/nios2-elf/12.2.1/../../../../../H-x86_64-mingw32/nios2-elf/lib/mno-hw-mul\libsmallc.a(lib_a-fvwrite_small_dev.o) (_write_r)
c:/intelfpga_lite/22.1std/nios2eds/bin/gnu/h-x86_64-mingw32/bin/../lib/gcc/nios2-elf/12.2.1/../../../../../H-x86_64-mingw32/nios2-elf/lib/mno-hw-mul\libsmallc.a(lib_a-int_errno.o)
                              c:/intelfpga_lite/22.1std/nios2eds/bin/gnu/h-x86_64-mingw32/bin/../lib/gcc/nios2-elf/12.2.1/../../../../../H-x86_64-mingw32/nios2-elf/lib/mno-hw-mul\libsmallc.a(lib_a-writer.o) (errno)
c:/intelfpga_lite/22.1std/nios2eds/bin/gnu/h-x86_64-mingw32/bin/../lib/gcc/nios2-elf/12.2.1/mno-hw-mul\libgcc.a(lib2-divmod.o)
                              c:/intelfpga_lite/22.1std/nios2eds/bin/gnu/h-x86_64-mingw32/bin/../lib/gcc/nios2-elf/12.2.1/../../../../../H-x86_64-mingw32/nios2-elf/lib/mno-hw-mul\libsmallc.a(lib_a-vfprintf.o) (__udivsi3)
c:/intelfpga_lite/22.1std/nios2eds/bin/gnu/h-x86_64-mingw32/bin/../lib/gcc/nios2-elf/12.2.1/mno-hw-mul\libgcc.a(lib2-mul.o)
                              c:/intelfpga_lite/22.1std/nios2eds/bin/gnu/h-x86_64-mingw32/bin/../lib/gcc/nios2-elf/12.2.1/../../../../../H-x86_64-mingw32/nios2-elf/lib/mno-hw-mul\libsmallc.a(lib_a-vfprintf.o) (__mulsi3)
c:/Users/jarsulk/Desktop/max10_test/05.nios_ii_e/software/nios_ii_e_bsp/\libhal_bsp.a(alt_load.o)
                              c:/Users/jarsulk/Desktop/max10_test/05.nios_ii_e/software/nios_ii_e_bsp//obj/HAL/src/crt0.o (alt_load)
c:/Users/jarsulk/Desktop/max10_test/05.nios_ii_e/software/nios_ii_e_bsp/\libhal_bsp.a(alt_main.o)
                              c:/Users/jarsulk/Desktop/max10_test/05.nios_ii_e/software/nios_ii_e_bsp//obj/HAL/src/crt0.o (alt_main)
c:/Users/jarsulk/Desktop/max10_test/05.nios_ii_e/software/nios_ii_e_bsp/\libhal_bsp.a(alt_putstr.o)
                              obj/default/hello_world_small.o (alt_putstr)
c:/Users/jarsulk/Desktop/max10_test/05.nios_ii_e/software/nios_ii_e_bsp/\libhal_bsp.a(alt_write.o)
                              c:/intelfpga_lite/22.1std/nios2eds/bin/gnu/h-x86_64-mingw32/bin/../lib/gcc/nios2-elf/12.2.1/../../../../../H-x86_64-mingw32/nios2-elf/lib/mno-hw-mul\libsmallc.a(lib_a-writer.o) (write)
c:/Users/jarsulk/Desktop/max10_test/05.nios_ii_e/software/nios_ii_e_bsp/\libhal_bsp.a(alt_sys_init.o)
                              c:/Users/jarsulk/Desktop/max10_test/05.nios_ii_e/software/nios_ii_e_bsp/\libhal_bsp.a(alt_main.o) (alt_irq_init)
c:/Users/jarsulk/Desktop/max10_test/05.nios_ii_e/software/nios_ii_e_bsp/\libhal_bsp.a(altera_avalon_jtag_uart_write.o)
                              c:/Users/jarsulk/Desktop/max10_test/05.nios_ii_e/software/nios_ii_e_bsp/\libhal_bsp.a(alt_putstr.o) (altera_avalon_jtag_uart_write)
c:/Users/jarsulk/Desktop/max10_test/05.nios_ii_e/software/nios_ii_e_bsp/\libhal_bsp.a(alt_dcache_flush_all.o)
                              c:/Users/jarsulk/Desktop/max10_test/05.nios_ii_e/software/nios_ii_e_bsp/\libhal_bsp.a(alt_load.o) (alt_dcache_flush_all)
c:/Users/jarsulk/Desktop/max10_test/05.nios_ii_e/software/nios_ii_e_bsp/\libhal_bsp.a(alt_errno.o)
                              c:/Users/jarsulk/Desktop/max10_test/05.nios_ii_e/software/nios_ii_e_bsp/\libhal_bsp.a(alt_write.o) (alt_errno)
c:/Users/jarsulk/Desktop/max10_test/05.nios_ii_e/software/nios_ii_e_bsp/\libhal_bsp.a(alt_icache_flush_all.o)
                              c:/Users/jarsulk/Desktop/max10_test/05.nios_ii_e/software/nios_ii_e_bsp/\libhal_bsp.a(alt_load.o) (alt_icache_flush_all)
c:/Users/jarsulk/Desktop/max10_test/05.nios_ii_e/software/nios_ii_e_bsp/\libhal_bsp.a(altera_nios2_gen2_irq.o)
                              c:/Users/jarsulk/Desktop/max10_test/05.nios_ii_e/software/nios_ii_e_bsp/\libhal_bsp.a(alt_sys_init.o) (altera_nios2_gen2_irq_init)
c:/intelfpga_lite/22.1std/nios2eds/bin/gnu/h-x86_64-mingw32/bin/../lib/gcc/nios2-elf/12.2.1/../../../../../H-x86_64-mingw32/nios2-elf/lib/mno-hw-mul\libsmallc.a(lib_a-memcpy.o)
                              c:/Users/jarsulk/Desktop/max10_test/05.nios_ii_e/software/nios_ii_e_bsp/\libhal_bsp.a(alt_load.o) (memcpy)

Memory Configuration

Name             Origin             Length             Attributes
reset            0x0000000000001000 0x0000000000000020
SRAM             0x0000000000001020 0x0000000000000fe0
*default*        0x0000000000000000 0xffffffffffffffff

Linker script and memory map

LOAD c:/Users/jarsulk/Desktop/max10_test/05.nios_ii_e/software/nios_ii_e_bsp//obj/HAL/src/crt0.o
LOAD obj/default/hello_world_small.o
LOAD c:/intelfpga_lite/22.1std/nios2eds/bin/gnu/h-x86_64-mingw32/bin/../lib/gcc/nios2-elf/12.2.1/../../../../../H-x86_64-mingw32/nios2-elf/lib/mno-hw-mul\libstdc++.a
LOAD c:/intelfpga_lite/22.1std/nios2eds/bin/gnu/h-x86_64-mingw32/bin/../lib/gcc/nios2-elf/12.2.1/../../../../../H-x86_64-mingw32/nios2-elf/lib/mno-hw-mul\libm.a
LOAD c:/intelfpga_lite/22.1std/nios2eds/bin/gnu/h-x86_64-mingw32/bin/../lib/gcc/nios2-elf/12.2.1/mno-hw-mul\libgcc.a
START GROUP
LOAD c:/intelfpga_lite/22.1std/nios2eds/bin/gnu/h-x86_64-mingw32/bin/../lib/gcc/nios2-elf/12.2.1/../../../../../H-x86_64-mingw32/nios2-elf/lib/mno-hw-mul\libsmallc.a
LOAD c:/intelfpga_lite/22.1std/nios2eds/bin/gnu/h-x86_64-mingw32/bin/../lib/gcc/nios2-elf/12.2.1/mno-hw-mul\libgcc.a
LOAD c:/Users/jarsulk/Desktop/max10_test/05.nios_ii_e/software/nios_ii_e_bsp/\libhal_bsp.a
LOAD c:/intelfpga_lite/22.1std/nios2eds/bin/gnu/h-x86_64-mingw32/bin/../lib/gcc/nios2-elf/12.2.1/../../../../../H-x86_64-mingw32/nios2-elf/lib/mno-hw-mul\libm.a
END GROUP
LOAD c:/intelfpga_lite/22.1std/nios2eds/bin/gnu/h-x86_64-mingw32/bin/../lib/gcc/nios2-elf/12.2.1/mno-hw-mul\libgcc.a
                0x0000000000001000                __alt_mem_SRAM = 0x1000

.entry          0x0000000000001000       0x20
 *(.entry)
 .entry         0x0000000000001000       0x20 c:/Users/jarsulk/Desktop/max10_test/05.nios_ii_e/software/nios_ii_e_bsp//obj/HAL/src/crt0.o
                0x0000000000001000                __reset
                0x000000000000100c                _exit

.exceptions     0x0000000000001020        0x0
                0x0000000000001020                PROVIDE (__ram_exceptions_start = ABSOLUTE (.))
                0x0000000000001020                . = ALIGN (0x20)
 *(.irq)
 *(.exceptions.entry.label)
 *(.exceptions.entry.user)
 *(.exceptions.entry.ecc_fatal)
 *(.exceptions.entry)
 *(.exceptions.irqtest.user)
 *(.exceptions.irqtest)
 *(.exceptions.irqhandler.user)
 *(.exceptions.irqhandler)
 *(.exceptions.irqreturn.user)
 *(.exceptions.irqreturn)
 *(.exceptions.notirq.label)
 *(.exceptions.notirq.user)
 *(.exceptions.notirq)
 *(.exceptions.soft.user)
 *(.exceptions.soft)
 *(.exceptions.unknown.user)
 *(.exceptions.unknown)
 *(.exceptions.exit.label)
 *(.exceptions.exit.user)
 *(.exceptions.exit)
 *(.exceptions)
                0x0000000000001020                PROVIDE (__ram_exceptions_end = ABSOLUTE (.))
                0x0000000000001020                PROVIDE (__flash_exceptions_start = LOADADDR (.exceptions))

.text           0x0000000000001020      0xb6c
                [!provide]                        PROVIDE (stext = ABSOLUTE (.))
 *(.interp)
 *(.hash)
 *(.dynsym)
 *(.dynstr)
 *(.gnu.version)
 *(.gnu.version_d)
 *(.gnu.version_r)
 *(.rel.init)
 *(.rela.init)
 *(.rel.text .rel.text.* .rel.gnu.linkonce.t.*)
 *(.rela.text .rela.text.* .rela.gnu.linkonce.t.*)
 *(.rel.fini)
 *(.rela.fini)
 *(.rel.rodata .rel.rodata.* .rel.gnu.linkonce.r.*)
 *(.rela.rodata .rela.rodata.* .rela.gnu.linkonce.r.*)
 *(.rel.data .rel.data.* .rel.gnu.linkonce.d.*)
 *(.rela.data .rela.data.* .rela.gnu.linkonce.d.*)
 *(.rel.tdata .rel.tdata.* .rel.gnu.linkonce.td.*)
 *(.rela.tdata .rela.tdata.* .rela.gnu.linkonce.td.*)
 *(.rel.tbss .rel.tbss.* .rel.gnu.linkonce.tb.*)
 *(.rela.tbss .rela.tbss.* .rela.gnu.linkonce.tb.*)
 *(.rel.ctors)
 *(.rela.ctors)
 *(.rel.dtors)
 *(.rela.dtors)
 *(.rel.got)
 *(.rela.got)
 *(.rel.sdata .rel.sdata.* .rel.gnu.linkonce.s.*)
 *(.rela.sdata .rela.sdata.* .rela.gnu.linkonce.s.*)
 *(.rel.sbss .rel.sbss.* .rel.gnu.linkonce.sb.*)
 *(.rela.sbss .rela.sbss.* .rela.gnu.linkonce.sb.*)
 *(.rel.sdata2 .rel.sdata2.* .rel.gnu.linkonce.s2.*)
 *(.rela.sdata2 .rela.sdata2.* .rela.gnu.linkonce.s2.*)
 *(.rel.sbss2 .rel.sbss2.* .rel.gnu.linkonce.sb2.*)
 *(.rela.sbss2 .rela.sbss2.* .rela.gnu.linkonce.sb2.*)
 *(.rel.bss .rel.bss.* .rel.gnu.linkonce.b.*)
 *(.rela.bss .rela.bss.* .rela.gnu.linkonce.b.*)
 *(.rel.plt)
 *(.rela.plt)
 *(.rel.dyn)
 *(.init)
 *(.plt)
 *(.text .stub .text.* .gnu.linkonce.t.*)
 .text          0x0000000000001020       0x3c c:/Users/jarsulk/Desktop/max10_test/05.nios_ii_e/software/nios_ii_e_bsp//obj/HAL/src/crt0.o
                0x0000000000001020                _start
 .text          0x000000000000105c        0x0 obj/default/hello_world_small.o
 .text.startup  0x000000000000105c       0x4c obj/default/hello_world_small.o
                0x000000000000105c                main
 .text          0x00000000000010a8        0x0 c:/intelfpga_lite/22.1std/nios2eds/bin/gnu/h-x86_64-mingw32/bin/../lib/gcc/nios2-elf/12.2.1/../../../../../H-x86_64-mingw32/nios2-elf/lib/mno-hw-mul\libsmallc.a(lib_a-printf.o)
 .text._printf_r
                0x00000000000010a8       0x3c c:/intelfpga_lite/22.1std/nios2eds/bin/gnu/h-x86_64-mingw32/bin/../lib/gcc/nios2-elf/12.2.1/../../../../../H-x86_64-mingw32/nios2-elf/lib/mno-hw-mul\libsmallc.a(lib_a-printf.o)
                0x00000000000010a8                _printf_r
 .text.printf   0x00000000000010e4       0x48 c:/intelfpga_lite/22.1std/nios2eds/bin/gnu/h-x86_64-mingw32/bin/../lib/gcc/nios2-elf/12.2.1/../../../../../H-x86_64-mingw32/nios2-elf/lib/mno-hw-mul\libsmallc.a(lib_a-printf.o)
                0x00000000000010e4                printf
 .text          0x000000000000112c        0x0 c:/intelfpga_lite/22.1std/nios2eds/bin/gnu/h-x86_64-mingw32/bin/../lib/gcc/nios2-elf/12.2.1/../../../../../H-x86_64-mingw32/nios2-elf/lib/mno-hw-mul\libsmallc.a(lib_a-vfprintf.o)
 .text.print_repeat
                0x000000000000112c       0x6c c:/intelfpga_lite/22.1std/nios2eds/bin/gnu/h-x86_64-mingw32/bin/../lib/gcc/nios2-elf/12.2.1/../../../../../H-x86_64-mingw32/nios2-elf/lib/mno-hw-mul\libsmallc.a(lib_a-vfprintf.o)
 .text.___vfprintf_internal_r
                0x0000000000001198      0x51c c:/intelfpga_lite/22.1std/nios2eds/bin/gnu/h-x86_64-mingw32/bin/../lib/gcc/nios2-elf/12.2.1/../../../../../H-x86_64-mingw32/nios2-elf/lib/mno-hw-mul\libsmallc.a(lib_a-vfprintf.o)
                0x0000000000001198                ___vfprintf_internal_r
 .text.__vfprintf_internal
                0x00000000000016b4       0x18 c:/intelfpga_lite/22.1std/nios2eds/bin/gnu/h-x86_64-mingw32/bin/../lib/gcc/nios2-elf/12.2.1/../../../../../H-x86_64-mingw32/nios2-elf/lib/mno-hw-mul\libsmallc.a(lib_a-vfprintf.o)
                0x00000000000016b4                __vfprintf_internal
 .text          0x00000000000016cc        0x0 c:/intelfpga_lite/22.1std/nios2eds/bin/gnu/h-x86_64-mingw32/bin/../lib/gcc/nios2-elf/12.2.1/../../../../../H-x86_64-mingw32/nios2-elf/lib/mno-hw-mul\libsmallc.a(lib_a-fvwrite_small_dev.o)
 .text.__sfvwrite_small_dev
                0x00000000000016cc       0xa8 c:/intelfpga_lite/22.1std/nios2eds/bin/gnu/h-x86_64-mingw32/bin/../lib/gcc/nios2-elf/12.2.1/../../../../../H-x86_64-mingw32/nios2-elf/lib/mno-hw-mul\libsmallc.a(lib_a-fvwrite_small_dev.o)
                0x00000000000016cc                __sfvwrite_small_dev
 .text          0x0000000000001774        0x0 c:/intelfpga_lite/22.1std/nios2eds/bin/gnu/h-x86_64-mingw32/bin/../lib/gcc/nios2-elf/12.2.1/../../../../../H-x86_64-mingw32/nios2-elf/lib/mno-hw-mul\libsmallc.a(lib_a-impure.o)
 .text          0x0000000000001774        0x0 c:/intelfpga_lite/22.1std/nios2eds/bin/gnu/h-x86_64-mingw32/bin/../lib/gcc/nios2-elf/12.2.1/../../../../../H-x86_64-mingw32/nios2-elf/lib/mno-hw-mul\libsmallc.a(lib_a-strlen.o)
 .text.strlen   0x0000000000001774       0x1c c:/intelfpga_lite/22.1std/nios2eds/bin/gnu/h-x86_64-mingw32/bin/../lib/gcc/nios2-elf/12.2.1/../../../../../H-x86_64-mingw32/nios2-elf/lib/mno-hw-mul\libsmallc.a(lib_a-strlen.o)
                0x0000000000001774                strlen
 .text          0x0000000000001790        0x0 c:/intelfpga_lite/22.1std/nios2eds/bin/gnu/h-x86_64-mingw32/bin/../lib/gcc/nios2-elf/12.2.1/../../../../../H-x86_64-mingw32/nios2-elf/lib/mno-hw-mul\libsmallc.a(lib_a-writer.o)
 .text._write_r
                0x0000000000001790       0x50 c:/intelfpga_lite/22.1std/nios2eds/bin/gnu/h-x86_64-mingw32/bin/../lib/gcc/nios2-elf/12.2.1/../../../../../H-x86_64-mingw32/nios2-elf/lib/mno-hw-mul\libsmallc.a(lib_a-writer.o)
                0x0000000000001790                _write_r
 .text          0x00000000000017e0        0x0 c:/intelfpga_lite/22.1std/nios2eds/bin/gnu/h-x86_64-mingw32/bin/../lib/gcc/nios2-elf/12.2.1/../../../../../H-x86_64-mingw32/nios2-elf/lib/mno-hw-mul\libsmallc.a(lib_a-int_errno.o)
 .text          0x00000000000017e0      0x1b4 c:/intelfpga_lite/22.1std/nios2eds/bin/gnu/h-x86_64-mingw32/bin/../lib/gcc/nios2-elf/12.2.1/mno-hw-mul\libgcc.a(lib2-divmod.o)
                0x00000000000017e0                __divsi3
                0x0000000000001860                __modsi3
                0x00000000000018d4                __udivsi3
                0x0000000000001938                __umodsi3
 .text          0x0000000000001994       0x28 c:/intelfpga_lite/22.1std/nios2eds/bin/gnu/h-x86_64-mingw32/bin/../lib/gcc/nios2-elf/12.2.1/mno-hw-mul\libgcc.a(lib2-mul.o)
                0x0000000000001994                __mulsi3
 .text          0x00000000000019bc       0x84 c:/Users/jarsulk/Desktop/max10_test/05.nios_ii_e/software/nios_ii_e_bsp/\libhal_bsp.a(alt_load.o)
                0x00000000000019bc                alt_load
 .text          0x0000000000001a40       0x2c c:/Users/jarsulk/Desktop/max10_test/05.nios_ii_e/software/nios_ii_e_bsp/\libhal_bsp.a(alt_main.o)
                0x0000000000001a40                alt_main
 .text          0x0000000000001a6c       0x38 c:/Users/jarsulk/Desktop/max10_test/05.nios_ii_e/software/nios_ii_e_bsp/\libhal_bsp.a(alt_putstr.o)
                0x0000000000001a6c                alt_putstr
 .text          0x0000000000001aa4       0x5c c:/Users/jarsulk/Desktop/max10_test/05.nios_ii_e/software/nios_ii_e_bsp/\libhal_bsp.a(alt_write.o)
                0x0000000000001aa4                write
 .text          0x0000000000001b00       0x24 c:/Users/jarsulk/Desktop/max10_test/05.nios_ii_e/software/nios_ii_e_bsp/\libhal_bsp.a(alt_sys_init.o)
                0x0000000000001b00                alt_irq_init
                0x0000000000001b20                alt_sys_init
 .text          0x0000000000001b24       0x30 c:/Users/jarsulk/Desktop/max10_test/05.nios_ii_e/software/nios_ii_e_bsp/\libhal_bsp.a(altera_avalon_jtag_uart_write.o)
                0x0000000000001b24                altera_avalon_jtag_uart_write
 .text          0x0000000000001b54        0x4 c:/Users/jarsulk/Desktop/max10_test/05.nios_ii_e/software/nios_ii_e_bsp/\libhal_bsp.a(alt_dcache_flush_all.o)
                0x0000000000001b54                alt_dcache_flush_all
 .text          0x0000000000001b58        0x0 c:/Users/jarsulk/Desktop/max10_test/05.nios_ii_e/software/nios_ii_e_bsp/\libhal_bsp.a(alt_errno.o)
 .text          0x0000000000001b58        0x4 c:/Users/jarsulk/Desktop/max10_test/05.nios_ii_e/software/nios_ii_e_bsp/\libhal_bsp.a(alt_icache_flush_all.o)
                0x0000000000001b58                alt_icache_flush_all
 .text          0x0000000000001b5c        0x8 c:/Users/jarsulk/Desktop/max10_test/05.nios_ii_e/software/nios_ii_e_bsp/\libhal_bsp.a(altera_nios2_gen2_irq.o)
                0x0000000000001b5c                altera_nios2_gen2_irq_init
 .text          0x0000000000001b64        0x0 c:/intelfpga_lite/22.1std/nios2eds/bin/gnu/h-x86_64-mingw32/bin/../lib/gcc/nios2-elf/12.2.1/../../../../../H-x86_64-mingw32/nios2-elf/lib/mno-hw-mul\libsmallc.a(lib_a-memcpy.o)
 .text.memcpy   0x0000000000001b64       0x28 c:/intelfpga_lite/22.1std/nios2eds/bin/gnu/h-x86_64-mingw32/bin/../lib/gcc/nios2-elf/12.2.1/../../../../../H-x86_64-mingw32/nios2-elf/lib/mno-hw-mul\libsmallc.a(lib_a-memcpy.o)
                0x0000000000001b64                memcpy
 *(.gnu.warning.*)
 *(.fini)
                [!provide]                        PROVIDE (__etext = ABSOLUTE (.))
                [!provide]                        PROVIDE (_etext = ABSOLUTE (.))
                [!provide]                        PROVIDE (etext = ABSOLUTE (.))
 *(.eh_frame_hdr)
                0x0000000000001b8c                . = ALIGN (0x4)
                [!provide]                        PROVIDE (__preinit_array_start = ABSOLUTE (.))
 *(.preinit_array)
                [!provide]                        PROVIDE (__preinit_array_end = ABSOLUTE (.))
                [!provide]                        PROVIDE (__init_array_start = ABSOLUTE (.))
 *(.init_array)
                [!provide]                        PROVIDE (__init_array_end = ABSOLUTE (.))
                [!provide]                        PROVIDE (__fini_array_start = ABSOLUTE (.))
 *(.fini_array)
                [!provide]                        PROVIDE (__fini_array_end = ABSOLUTE (.))
 *(.eh_frame)
 *(.gcc_except_table .gcc_except_table.*)
 *(.dynamic)
                [!provide]                        PROVIDE (__CTOR_LIST__ = ABSOLUTE (.))
 *(.ctors)
 *(SORT_BY_NAME(.ctors.*))
                [!provide]                        PROVIDE (__CTOR_END__ = ABSOLUTE (.))
                [!provide]                        PROVIDE (__DTOR_LIST__ = ABSOLUTE (.))
 *(.dtors)
 *(SORT_BY_NAME(.dtors.*))
                [!provide]                        PROVIDE (__DTOR_END__ = ABSOLUTE (.))
 *(.jcr)
                0x0000000000001b8c                . = ALIGN (0x4)

.rodata         0x0000000000001b8c       0x24
                0x0000000000001b8c                PROVIDE (__ram_rodata_start = ABSOLUTE (.))
                0x0000000000001b8c                . = ALIGN (0x4)
 *(.rodata .rodata.* .gnu.linkonce.r.*)
 .rodata.str1.4
                0x0000000000001b8c       0x21 obj/default/hello_world_small.o
 *(.rodata1)
                0x0000000000001bb0                . = ALIGN (0x4)
 *fill*         0x0000000000001bad        0x3 
                0x0000000000001bb0                PROVIDE (__ram_rodata_end = ABSOLUTE (.))
                0x0000000000001b8c                PROVIDE (__flash_rodata_start = LOADADDR (.rodata))

.rwdata         0x0000000000001bb0       0xf4 load address 0x0000000000001ca4
                0x0000000000001bb0                PROVIDE (__ram_rwdata_start = ABSOLUTE (.))
                0x0000000000001bb0                . = ALIGN (0x4)
 *(.got.plt)
 *(.got)
 *(.data1)
 *(.data .data.* .gnu.linkonce.d.*)
 .data          0x0000000000001bb0        0x0 c:/Users/jarsulk/Desktop/max10_test/05.nios_ii_e/software/nios_ii_e_bsp//obj/HAL/src/crt0.o
 .data          0x0000000000001bb0        0x0 obj/default/hello_world_small.o
 .data          0x0000000000001bb0        0x0 c:/intelfpga_lite/22.1std/nios2eds/bin/gnu/h-x86_64-mingw32/bin/../lib/gcc/nios2-elf/12.2.1/../../../../../H-x86_64-mingw32/nios2-elf/lib/mno-hw-mul\libsmallc.a(lib_a-printf.o)
 .data          0x0000000000001bb0        0x0 c:/intelfpga_lite/22.1std/nios2eds/bin/gnu/h-x86_64-mingw32/bin/../lib/gcc/nios2-elf/12.2.1/../../../../../H-x86_64-mingw32/nios2-elf/lib/mno-hw-mul\libsmallc.a(lib_a-vfprintf.o)
 .data          0x0000000000001bb0        0x0 c:/intelfpga_lite/22.1std/nios2eds/bin/gnu/h-x86_64-mingw32/bin/../lib/gcc/nios2-elf/12.2.1/../../../../../H-x86_64-mingw32/nios2-elf/lib/mno-hw-mul\libsmallc.a(lib_a-fvwrite_small_dev.o)
 .data          0x0000000000001bb0        0x0 c:/intelfpga_lite/22.1std/nios2eds/bin/gnu/h-x86_64-mingw32/bin/../lib/gcc/nios2-elf/12.2.1/../../../../../H-x86_64-mingw32/nios2-elf/lib/mno-hw-mul\libsmallc.a(lib_a-impure.o)
 .data.impure_data
                0x0000000000001bb0       0xe4 c:/intelfpga_lite/22.1std/nios2eds/bin/gnu/h-x86_64-mingw32/bin/../lib/gcc/nios2-elf/12.2.1/../../../../../H-x86_64-mingw32/nios2-elf/lib/mno-hw-mul\libsmallc.a(lib_a-impure.o)
 .data          0x0000000000001c94        0x0 c:/intelfpga_lite/22.1std/nios2eds/bin/gnu/h-x86_64-mingw32/bin/../lib/gcc/nios2-elf/12.2.1/../../../../../H-x86_64-mingw32/nios2-elf/lib/mno-hw-mul\libsmallc.a(lib_a-strlen.o)
 .data          0x0000000000001c94        0x0 c:/intelfpga_lite/22.1std/nios2eds/bin/gnu/h-x86_64-mingw32/bin/../lib/gcc/nios2-elf/12.2.1/../../../../../H-x86_64-mingw32/nios2-elf/lib/mno-hw-mul\libsmallc.a(lib_a-writer.o)
 .data          0x0000000000001c94        0x0 c:/intelfpga_lite/22.1std/nios2eds/bin/gnu/h-x86_64-mingw32/bin/../lib/gcc/nios2-elf/12.2.1/../../../../../H-x86_64-mingw32/nios2-elf/lib/mno-hw-mul\libsmallc.a(lib_a-int_errno.o)
 .data          0x0000000000001c94        0x0 c:/intelfpga_lite/22.1std/nios2eds/bin/gnu/h-x86_64-mingw32/bin/../lib/gcc/nios2-elf/12.2.1/mno-hw-mul\libgcc.a(lib2-divmod.o)
 .data          0x0000000000001c94        0x0 c:/intelfpga_lite/22.1std/nios2eds/bin/gnu/h-x86_64-mingw32/bin/../lib/gcc/nios2-elf/12.2.1/mno-hw-mul\libgcc.a(lib2-mul.o)
 .data          0x0000000000001c94        0x0 c:/Users/jarsulk/Desktop/max10_test/05.nios_ii_e/software/nios_ii_e_bsp/\libhal_bsp.a(alt_load.o)
 .data          0x0000000000001c94        0x0 c:/Users/jarsulk/Desktop/max10_test/05.nios_ii_e/software/nios_ii_e_bsp/\libhal_bsp.a(alt_main.o)
 .data          0x0000000000001c94        0x0 c:/Users/jarsulk/Desktop/max10_test/05.nios_ii_e/software/nios_ii_e_bsp/\libhal_bsp.a(alt_putstr.o)
 .data          0x0000000000001c94        0x0 c:/Users/jarsulk/Desktop/max10_test/05.nios_ii_e/software/nios_ii_e_bsp/\libhal_bsp.a(alt_write.o)
 .data          0x0000000000001c94        0x0 c:/Users/jarsulk/Desktop/max10_test/05.nios_ii_e/software/nios_ii_e_bsp/\libhal_bsp.a(alt_sys_init.o)
 .data          0x0000000000001c94        0x0 c:/Users/jarsulk/Desktop/max10_test/05.nios_ii_e/software/nios_ii_e_bsp/\libhal_bsp.a(altera_avalon_jtag_uart_write.o)
 .data          0x0000000000001c94        0x0 c:/Users/jarsulk/Desktop/max10_test/05.nios_ii_e/software/nios_ii_e_bsp/\libhal_bsp.a(alt_dcache_flush_all.o)
 .data          0x0000000000001c94        0x0 c:/Users/jarsulk/Desktop/max10_test/05.nios_ii_e/software/nios_ii_e_bsp/\libhal_bsp.a(alt_errno.o)
 .data          0x0000000000001c94        0x0 c:/Users/jarsulk/Desktop/max10_test/05.nios_ii_e/software/nios_ii_e_bsp/\libhal_bsp.a(alt_icache_flush_all.o)
 .data          0x0000000000001c94        0x0 c:/Users/jarsulk/Desktop/max10_test/05.nios_ii_e/software/nios_ii_e_bsp/\libhal_bsp.a(altera_nios2_gen2_irq.o)
 .data          0x0000000000001c94        0x0 c:/intelfpga_lite/22.1std/nios2eds/bin/gnu/h-x86_64-mingw32/bin/../lib/gcc/nios2-elf/12.2.1/../../../../../H-x86_64-mingw32/nios2-elf/lib/mno-hw-mul\libsmallc.a(lib_a-memcpy.o)
                0x0000000000009c94                _gp = ABSOLUTE ((. + 0x8000))
                [!provide]                        PROVIDE (gp = _gp)
 *(.rwdata .rwdata.*)
 *(.sdata .sdata.* .gnu.linkonce.s.*)
 .sdata._global_impure_ptr
                0x0000000000001c94        0x4 c:/intelfpga_lite/22.1std/nios2eds/bin/gnu/h-x86_64-mingw32/bin/../lib/gcc/nios2-elf/12.2.1/../../../../../H-x86_64-mingw32/nios2-elf/lib/mno-hw-mul\libsmallc.a(lib_a-impure.o)
                0x0000000000001c94                _global_impure_ptr
 .sdata._impure_ptr
                0x0000000000001c98        0x4 c:/intelfpga_lite/22.1std/nios2eds/bin/gnu/h-x86_64-mingw32/bin/../lib/gcc/nios2-elf/12.2.1/../../../../../H-x86_64-mingw32/nios2-elf/lib/mno-hw-mul\libsmallc.a(lib_a-impure.o)
                0x0000000000001c98                _impure_ptr
 .sdata         0x0000000000001c9c        0x4 c:/Users/jarsulk/Desktop/max10_test/05.nios_ii_e/software/nios_ii_e_bsp/\libhal_bsp.a(alt_sys_init.o)
                0x0000000000001c9c                DEBUG
 .sdata         0x0000000000001ca0        0x4 c:/Users/jarsulk/Desktop/max10_test/05.nios_ii_e/software/nios_ii_e_bsp/\libhal_bsp.a(alt_errno.o)
                0x0000000000001ca0                alt_errno
 *(.sdata2 .sdata2.* .gnu.linkonce.s2.*)
                0x0000000000001ca4                . = ALIGN (0x4)
                0x0000000000001ca4                _edata = ABSOLUTE (.)
                [!provide]                        PROVIDE (edata = ABSOLUTE (.))
                0x0000000000001ca4                PROVIDE (__ram_rwdata_end = ABSOLUTE (.))
                0x0000000000001ca4                PROVIDE (__flash_rwdata_start = LOADADDR (.rwdata))

.bss            0x0000000000001d98       0x10
                0x0000000000001d98                __bss_start = ABSOLUTE (.)
                [!provide]                        PROVIDE (__sbss_start = ABSOLUTE (.))
                [!provide]                        PROVIDE (___sbss_start = ABSOLUTE (.))
 *(.dynsbss)
 *(.sbss .sbss.* .gnu.linkonce.sb.*)
 .sbss.errno    0x0000000000001d98        0x4 c:/intelfpga_lite/22.1std/nios2eds/bin/gnu/h-x86_64-mingw32/bin/../lib/gcc/nios2-elf/12.2.1/../../../../../H-x86_64-mingw32/nios2-elf/lib/mno-hw-mul\libsmallc.a(lib_a-int_errno.o)
                0x0000000000001d98                errno
 .sbss          0x0000000000001d9c        0xc c:/Users/jarsulk/Desktop/max10_test/05.nios_ii_e/software/nios_ii_e_bsp/\libhal_bsp.a(alt_main.o)
                0x0000000000001d9c                alt_envp
                0x0000000000001da0                alt_argv
                0x0000000000001da4                alt_argc
 *(.sbss2 .sbss2.* .gnu.linkonce.sb2.*)
 *(.scommon)
                [!provide]                        PROVIDE (__sbss_end = ABSOLUTE (.))
                [!provide]                        PROVIDE (___sbss_end = ABSOLUTE (.))
 *(.dynbss)
 *(.bss .bss.* .gnu.linkonce.b.*)
 .bss           0x0000000000001da8        0x0 c:/Users/jarsulk/Desktop/max10_test/05.nios_ii_e/software/nios_ii_e_bsp//obj/HAL/src/crt0.o
 .bss           0x0000000000001da8        0x0 obj/default/hello_world_small.o
 .bss           0x0000000000001da8        0x0 c:/intelfpga_lite/22.1std/nios2eds/bin/gnu/h-x86_64-mingw32/bin/../lib/gcc/nios2-elf/12.2.1/../../../../../H-x86_64-mingw32/nios2-elf/lib/mno-hw-mul\libsmallc.a(lib_a-printf.o)
 .bss           0x0000000000001da8        0x0 c:/intelfpga_lite/22.1std/nios2eds/bin/gnu/h-x86_64-mingw32/bin/../lib/gcc/nios2-elf/12.2.1/../../../../../H-x86_64-mingw32/nios2-elf/lib/mno-hw-mul\libsmallc.a(lib_a-vfprintf.o)
 .bss           0x0000000000001da8        0x0 c:/intelfpga_lite/22.1std/nios2eds/bin/gnu/h-x86_64-mingw32/bin/../lib/gcc/nios2-elf/12.2.1/../../../../../H-x86_64-mingw32/nios2-elf/lib/mno-hw-mul\libsmallc.a(lib_a-fvwrite_small_dev.o)
 .bss           0x0000000000001da8        0x0 c:/intelfpga_lite/22.1std/nios2eds/bin/gnu/h-x86_64-mingw32/bin/../lib/gcc/nios2-elf/12.2.1/../../../../../H-x86_64-mingw32/nios2-elf/lib/mno-hw-mul\libsmallc.a(lib_a-impure.o)
 .bss           0x0000000000001da8        0x0 c:/intelfpga_lite/22.1std/nios2eds/bin/gnu/h-x86_64-mingw32/bin/../lib/gcc/nios2-elf/12.2.1/../../../../../H-x86_64-mingw32/nios2-elf/lib/mno-hw-mul\libsmallc.a(lib_a-strlen.o)
 .bss           0x0000000000001da8        0x0 c:/intelfpga_lite/22.1std/nios2eds/bin/gnu/h-x86_64-mingw32/bin/../lib/gcc/nios2-elf/12.2.1/../../../../../H-x86_64-mingw32/nios2-elf/lib/mno-hw-mul\libsmallc.a(lib_a-writer.o)
 .bss           0x0000000000001da8        0x0 c:/intelfpga_lite/22.1std/nios2eds/bin/gnu/h-x86_64-mingw32/bin/../lib/gcc/nios2-elf/12.2.1/../../../../../H-x86_64-mingw32/nios2-elf/lib/mno-hw-mul\libsmallc.a(lib_a-int_errno.o)
 .bss           0x0000000000001da8        0x0 c:/intelfpga_lite/22.1std/nios2eds/bin/gnu/h-x86_64-mingw32/bin/../lib/gcc/nios2-elf/12.2.1/mno-hw-mul\libgcc.a(lib2-divmod.o)
 .bss           0x0000000000001da8        0x0 c:/intelfpga_lite/22.1std/nios2eds/bin/gnu/h-x86_64-mingw32/bin/../lib/gcc/nios2-elf/12.2.1/mno-hw-mul\libgcc.a(lib2-mul.o)
 .bss           0x0000000000001da8        0x0 c:/Users/jarsulk/Desktop/max10_test/05.nios_ii_e/software/nios_ii_e_bsp/\libhal_bsp.a(alt_load.o)
 .bss           0x0000000000001da8        0x0 c:/Users/jarsulk/Desktop/max10_test/05.nios_ii_e/software/nios_ii_e_bsp/\libhal_bsp.a(alt_main.o)
 .bss           0x0000000000001da8        0x0 c:/Users/jarsulk/Desktop/max10_test/05.nios_ii_e/software/nios_ii_e_bsp/\libhal_bsp.a(alt_putstr.o)
 .bss           0x0000000000001da8        0x0 c:/Users/jarsulk/Desktop/max10_test/05.nios_ii_e/software/nios_ii_e_bsp/\libhal_bsp.a(alt_write.o)
 .bss           0x0000000000001da8        0x0 c:/Users/jarsulk/Desktop/max10_test/05.nios_ii_e/software/nios_ii_e_bsp/\libhal_bsp.a(alt_sys_init.o)
 .bss           0x0000000000001da8        0x0 c:/Users/jarsulk/Desktop/max10_test/05.nios_ii_e/software/nios_ii_e_bsp/\libhal_bsp.a(altera_avalon_jtag_uart_write.o)
 .bss           0x0000000000001da8        0x0 c:/Users/jarsulk/Desktop/max10_test/05.nios_ii_e/software/nios_ii_e_bsp/\libhal_bsp.a(alt_dcache_flush_all.o)
 .bss           0x0000000000001da8        0x0 c:/Users/jarsulk/Desktop/max10_test/05.nios_ii_e/software/nios_ii_e_bsp/\libhal_bsp.a(alt_errno.o)
 .bss           0x0000000000001da8        0x0 c:/Users/jarsulk/Desktop/max10_test/05.nios_ii_e/software/nios_ii_e_bsp/\libhal_bsp.a(alt_icache_flush_all.o)
 .bss           0x0000000000001da8        0x0 c:/Users/jarsulk/Desktop/max10_test/05.nios_ii_e/software/nios_ii_e_bsp/\libhal_bsp.a(altera_nios2_gen2_irq.o)
 .bss           0x0000000000001da8        0x0 c:/intelfpga_lite/22.1std/nios2eds/bin/gnu/h-x86_64-mingw32/bin/../lib/gcc/nios2-elf/12.2.1/../../../../../H-x86_64-mingw32/nios2-elf/lib/mno-hw-mul\libsmallc.a(lib_a-memcpy.o)
 *(COMMON)
                0x0000000000001da8                . = ALIGN (0x4)
                0x0000000000001da8                __bss_end = ABSOLUTE (.)

.SRAM           0x0000000000001da8        0x0
                [!provide]                        PROVIDE (_alt_partition_SRAM_start = ABSOLUTE (.))
 *(.SRAM .SRAM. SRAM.*)
                0x0000000000001da8                . = ALIGN (0x4)
                [!provide]                        PROVIDE (_alt_partition_SRAM_end = ABSOLUTE (.))
                0x0000000000001da8                _end = ABSOLUTE (.)
                0x0000000000001da8                end = ABSOLUTE (.)
                0x0000000000001da8                __alt_stack_base = ABSOLUTE (.)
                [!provide]                        PROVIDE (_alt_partition_SRAM_load_addr = LOADADDR (.SRAM))

.stab
 *(.stab)

.stabstr
 *(.stabstr)

.stab.excl
 *(.stab.excl)

.stab.exclstr
 *(.stab.exclstr)

.stab.index
 *(.stab.index)

.stab.indexstr
 *(.stab.indexstr)

.comment        0x0000000000000000       0x2d
 *(.comment)
 .comment       0x0000000000000000       0x2d obj/default/hello_world_small.o
                                         0x2e (size before relaxing)
 .comment       0x000000000000002d       0x2e c:/intelfpga_lite/22.1std/nios2eds/bin/gnu/h-x86_64-mingw32/bin/../lib/gcc/nios2-elf/12.2.1/../../../../../H-x86_64-mingw32/nios2-elf/lib/mno-hw-mul\libsmallc.a(lib_a-printf.o)
 .comment       0x000000000000002d       0x2e c:/intelfpga_lite/22.1std/nios2eds/bin/gnu/h-x86_64-mingw32/bin/../lib/gcc/nios2-elf/12.2.1/../../../../../H-x86_64-mingw32/nios2-elf/lib/mno-hw-mul\libsmallc.a(lib_a-vfprintf.o)
 .comment       0x000000000000002d       0x2e c:/intelfpga_lite/22.1std/nios2eds/bin/gnu/h-x86_64-mingw32/bin/../lib/gcc/nios2-elf/12.2.1/../../../../../H-x86_64-mingw32/nios2-elf/lib/mno-hw-mul\libsmallc.a(lib_a-fvwrite_small_dev.o)
 .comment       0x000000000000002d       0x2e c:/intelfpga_lite/22.1std/nios2eds/bin/gnu/h-x86_64-mingw32/bin/../lib/gcc/nios2-elf/12.2.1/../../../../../H-x86_64-mingw32/nios2-elf/lib/mno-hw-mul\libsmallc.a(lib_a-impure.o)
 .comment       0x000000000000002d       0x2e c:/intelfpga_lite/22.1std/nios2eds/bin/gnu/h-x86_64-mingw32/bin/../lib/gcc/nios2-elf/12.2.1/../../../../../H-x86_64-mingw32/nios2-elf/lib/mno-hw-mul\libsmallc.a(lib_a-strlen.o)
 .comment       0x000000000000002d       0x2e c:/intelfpga_lite/22.1std/nios2eds/bin/gnu/h-x86_64-mingw32/bin/../lib/gcc/nios2-elf/12.2.1/../../../../../H-x86_64-mingw32/nios2-elf/lib/mno-hw-mul\libsmallc.a(lib_a-writer.o)
 .comment       0x000000000000002d       0x2e c:/intelfpga_lite/22.1std/nios2eds/bin/gnu/h-x86_64-mingw32/bin/../lib/gcc/nios2-elf/12.2.1/../../../../../H-x86_64-mingw32/nios2-elf/lib/mno-hw-mul\libsmallc.a(lib_a-int_errno.o)
 .comment       0x000000000000002d       0x2e c:/intelfpga_lite/22.1std/nios2eds/bin/gnu/h-x86_64-mingw32/bin/../lib/gcc/nios2-elf/12.2.1/mno-hw-mul\libgcc.a(lib2-divmod.o)
 .comment       0x000000000000002d       0x2e c:/intelfpga_lite/22.1std/nios2eds/bin/gnu/h-x86_64-mingw32/bin/../lib/gcc/nios2-elf/12.2.1/mno-hw-mul\libgcc.a(lib2-mul.o)
 .comment       0x000000000000002d       0x2e c:/Users/jarsulk/Desktop/max10_test/05.nios_ii_e/software/nios_ii_e_bsp/\libhal_bsp.a(alt_load.o)
 .comment       0x000000000000002d       0x2e c:/Users/jarsulk/Desktop/max10_test/05.nios_ii_e/software/nios_ii_e_bsp/\libhal_bsp.a(alt_main.o)
 .comment       0x000000000000002d       0x2e c:/Users/jarsulk/Desktop/max10_test/05.nios_ii_e/software/nios_ii_e_bsp/\libhal_bsp.a(alt_putstr.o)
 .comment       0x000000000000002d       0x2e c:/Users/jarsulk/Desktop/max10_test/05.nios_ii_e/software/nios_ii_e_bsp/\libhal_bsp.a(alt_write.o)
 .comment       0x000000000000002d       0x2e c:/Users/jarsulk/Desktop/max10_test/05.nios_ii_e/software/nios_ii_e_bsp/\libhal_bsp.a(alt_sys_init.o)
 .comment       0x000000000000002d       0x2e c:/Users/jarsulk/Desktop/max10_test/05.nios_ii_e/software/nios_ii_e_bsp/\libhal_bsp.a(altera_avalon_jtag_uart_write.o)
 .comment       0x000000000000002d       0x2e c:/Users/jarsulk/Desktop/max10_test/05.nios_ii_e/software/nios_ii_e_bsp/\libhal_bsp.a(alt_dcache_flush_all.o)
 .comment       0x000000000000002d       0x2e c:/Users/jarsulk/Desktop/max10_test/05.nios_ii_e/software/nios_ii_e_bsp/\libhal_bsp.a(alt_errno.o)
 .comment       0x000000000000002d       0x2e c:/Users/jarsulk/Desktop/max10_test/05.nios_ii_e/software/nios_ii_e_bsp/\libhal_bsp.a(alt_icache_flush_all.o)
 .comment       0x000000000000002d       0x2e c:/Users/jarsulk/Desktop/max10_test/05.nios_ii_e/software/nios_ii_e_bsp/\libhal_bsp.a(altera_nios2_gen2_irq.o)
 .comment       0x000000000000002d       0x2e c:/intelfpga_lite/22.1std/nios2eds/bin/gnu/h-x86_64-mingw32/bin/../lib/gcc/nios2-elf/12.2.1/../../../../../H-x86_64-mingw32/nios2-elf/lib/mno-hw-mul\libsmallc.a(lib_a-memcpy.o)

.debug
 *(.debug)

.line
 *(.line)

.debug_srcinfo
 *(.debug_srcinfo)

.debug_sfnames
 *(.debug_sfnames)

.debug_aranges  0x0000000000000000      0x2c8
 *(.debug_aranges)
 .debug_aranges
                0x0000000000000000       0x28 c:/Users/jarsulk/Desktop/max10_test/05.nios_ii_e/software/nios_ii_e_bsp//obj/HAL/src/crt0.o
 .debug_aranges
                0x0000000000000028       0x20 obj/default/hello_world_small.o
 .debug_aranges
                0x0000000000000048       0x28 c:/intelfpga_lite/22.1std/nios2eds/bin/gnu/h-x86_64-mingw32/bin/../lib/gcc/nios2-elf/12.2.1/../../../../../H-x86_64-mingw32/nios2-elf/lib/mno-hw-mul\libsmallc.a(lib_a-printf.o)
 .debug_aranges
                0x0000000000000070       0x30 c:/intelfpga_lite/22.1std/nios2eds/bin/gnu/h-x86_64-mingw32/bin/../lib/gcc/nios2-elf/12.2.1/../../../../../H-x86_64-mingw32/nios2-elf/lib/mno-hw-mul\libsmallc.a(lib_a-vfprintf.o)
 .debug_aranges
                0x00000000000000a0       0x20 c:/intelfpga_lite/22.1std/nios2eds/bin/gnu/h-x86_64-mingw32/bin/../lib/gcc/nios2-elf/12.2.1/../../../../../H-x86_64-mingw32/nios2-elf/lib/mno-hw-mul\libsmallc.a(lib_a-fvwrite_small_dev.o)
 .debug_aranges
                0x00000000000000c0       0x18 c:/intelfpga_lite/22.1std/nios2eds/bin/gnu/h-x86_64-mingw32/bin/../lib/gcc/nios2-elf/12.2.1/../../../../../H-x86_64-mingw32/nios2-elf/lib/mno-hw-mul\libsmallc.a(lib_a-impure.o)
 .debug_aranges
                0x00000000000000d8       0x20 c:/intelfpga_lite/22.1std/nios2eds/bin/gnu/h-x86_64-mingw32/bin/../lib/gcc/nios2-elf/12.2.1/../../../../../H-x86_64-mingw32/nios2-elf/lib/mno-hw-mul\libsmallc.a(lib_a-strlen.o)
 .debug_aranges
                0x00000000000000f8       0x20 c:/intelfpga_lite/22.1std/nios2eds/bin/gnu/h-x86_64-mingw32/bin/../lib/gcc/nios2-elf/12.2.1/../../../../../H-x86_64-mingw32/nios2-elf/lib/mno-hw-mul\libsmallc.a(lib_a-writer.o)
 .debug_aranges
                0x0000000000000118       0x18 c:/intelfpga_lite/22.1std/nios2eds/bin/gnu/h-x86_64-mingw32/bin/../lib/gcc/nios2-elf/12.2.1/../../../../../H-x86_64-mingw32/nios2-elf/lib/mno-hw-mul\libsmallc.a(lib_a-int_errno.o)
 .debug_aranges
                0x0000000000000130       0x20 c:/intelfpga_lite/22.1std/nios2eds/bin/gnu/h-x86_64-mingw32/bin/../lib/gcc/nios2-elf/12.2.1/mno-hw-mul\libgcc.a(lib2-divmod.o)
 .debug_aranges
                0x0000000000000150       0x20 c:/intelfpga_lite/22.1std/nios2eds/bin/gnu/h-x86_64-mingw32/bin/../lib/gcc/nios2-elf/12.2.1/mno-hw-mul\libgcc.a(lib2-mul.o)
 .debug_aranges
                0x0000000000000170       0x20 c:/Users/jarsulk/Desktop/max10_test/05.nios_ii_e/software/nios_ii_e_bsp/\libhal_bsp.a(alt_load.o)
 .debug_aranges
                0x0000000000000190       0x20 c:/Users/jarsulk/Desktop/max10_test/05.nios_ii_e/software/nios_ii_e_bsp/\libhal_bsp.a(alt_main.o)
 .debug_aranges
                0x00000000000001b0       0x20 c:/Users/jarsulk/Desktop/max10_test/05.nios_ii_e/software/nios_ii_e_bsp/\libhal_bsp.a(alt_putstr.o)
 .debug_aranges
                0x00000000000001d0       0x20 c:/Users/jarsulk/Desktop/max10_test/05.nios_ii_e/software/nios_ii_e_bsp/\libhal_bsp.a(alt_write.o)
 .debug_aranges
                0x00000000000001f0       0x20 c:/Users/jarsulk/Desktop/max10_test/05.nios_ii_e/software/nios_ii_e_bsp/\libhal_bsp.a(alt_sys_init.o)
 .debug_aranges
                0x0000000000000210       0x20 c:/Users/jarsulk/Desktop/max10_test/05.nios_ii_e/software/nios_ii_e_bsp/\libhal_bsp.a(altera_avalon_jtag_uart_write.o)
 .debug_aranges
                0x0000000000000230       0x20 c:/Users/jarsulk/Desktop/max10_test/05.nios_ii_e/software/nios_ii_e_bsp/\libhal_bsp.a(alt_dcache_flush_all.o)
 .debug_aranges
                0x0000000000000250       0x18 c:/Users/jarsulk/Desktop/max10_test/05.nios_ii_e/software/nios_ii_e_bsp/\libhal_bsp.a(alt_errno.o)
 .debug_aranges
                0x0000000000000268       0x20 c:/Users/jarsulk/Desktop/max10_test/05.nios_ii_e/software/nios_ii_e_bsp/\libhal_bsp.a(alt_icache_flush_all.o)
 .debug_aranges
                0x0000000000000288       0x20 c:/Users/jarsulk/Desktop/max10_test/05.nios_ii_e/software/nios_ii_e_bsp/\libhal_bsp.a(altera_nios2_gen2_irq.o)
 .debug_aranges
                0x00000000000002a8       0x20 c:/intelfpga_lite/22.1std/nios2eds/bin/gnu/h-x86_64-mingw32/bin/../lib/gcc/nios2-elf/12.2.1/../../../../../H-x86_64-mingw32/nios2-elf/lib/mno-hw-mul\libsmallc.a(lib_a-memcpy.o)

.debug_pubnames
 *(.debug_pubnames)

.debug_info     0x0000000000000000     0x3b6e
 *(.debug_info .gnu.linkonce.wi.*)
 .debug_info    0x0000000000000000       0x22 c:/Users/jarsulk/Desktop/max10_test/05.nios_ii_e/software/nios_ii_e_bsp//obj/HAL/src/crt0.o
 .debug_info    0x0000000000000022      0x137 obj/default/hello_world_small.o
 .debug_info    0x0000000000000159      0x733 c:/intelfpga_lite/22.1std/nios2eds/bin/gnu/h-x86_64-mingw32/bin/../lib/gcc/nios2-elf/12.2.1/../../../../../H-x86_64-mingw32/nios2-elf/lib/mno-hw-mul\libsmallc.a(lib_a-printf.o)
 .debug_info    0x000000000000088c      0xe55 c:/intelfpga_lite/22.1std/nios2eds/bin/gnu/h-x86_64-mingw32/bin/../lib/gcc/nios2-elf/12.2.1/../../../../../H-x86_64-mingw32/nios2-elf/lib/mno-hw-mul\libsmallc.a(lib_a-vfprintf.o)
 .debug_info    0x00000000000016e1      0x691 c:/intelfpga_lite/22.1std/nios2eds/bin/gnu/h-x86_64-mingw32/bin/../lib/gcc/nios2-elf/12.2.1/../../../../../H-x86_64-mingw32/nios2-elf/lib/mno-hw-mul\libsmallc.a(lib_a-fvwrite_small_dev.o)
 .debug_info    0x0000000000001d72      0x5cf c:/intelfpga_lite/22.1std/nios2eds/bin/gnu/h-x86_64-mingw32/bin/../lib/gcc/nios2-elf/12.2.1/../../../../../H-x86_64-mingw32/nios2-elf/lib/mno-hw-mul\libsmallc.a(lib_a-impure.o)
 .debug_info    0x0000000000002341       0xd1 c:/intelfpga_lite/22.1std/nios2eds/bin/gnu/h-x86_64-mingw32/bin/../lib/gcc/nios2-elf/12.2.1/../../../../../H-x86_64-mingw32/nios2-elf/lib/mno-hw-mul\libsmallc.a(lib_a-strlen.o)
 .debug_info    0x0000000000002412      0x671 c:/intelfpga_lite/22.1std/nios2eds/bin/gnu/h-x86_64-mingw32/bin/../lib/gcc/nios2-elf/12.2.1/../../../../../H-x86_64-mingw32/nios2-elf/lib/mno-hw-mul\libsmallc.a(lib_a-writer.o)
 .debug_info    0x0000000000002a83       0x85 c:/intelfpga_lite/22.1std/nios2eds/bin/gnu/h-x86_64-mingw32/bin/../lib/gcc/nios2-elf/12.2.1/../../../../../H-x86_64-mingw32/nios2-elf/lib/mno-hw-mul\libsmallc.a(lib_a-int_errno.o)
 .debug_info    0x0000000000002b08      0x347 c:/intelfpga_lite/22.1std/nios2eds/bin/gnu/h-x86_64-mingw32/bin/../lib/gcc/nios2-elf/12.2.1/mno-hw-mul\libgcc.a(lib2-divmod.o)
 .debug_info    0x0000000000002e4f       0xc4 c:/intelfpga_lite/22.1std/nios2eds/bin/gnu/h-x86_64-mingw32/bin/../lib/gcc/nios2-elf/12.2.1/mno-hw-mul\libgcc.a(lib2-mul.o)
 .debug_info    0x0000000000002f13      0x239 c:/Users/jarsulk/Desktop/max10_test/05.nios_ii_e/software/nios_ii_e_bsp/\libhal_bsp.a(alt_load.o)
 .debug_info    0x000000000000314c      0x13e c:/Users/jarsulk/Desktop/max10_test/05.nios_ii_e/software/nios_ii_e_bsp/\libhal_bsp.a(alt_main.o)
 .debug_info    0x000000000000328a      0x15c c:/Users/jarsulk/Desktop/max10_test/05.nios_ii_e/software/nios_ii_e_bsp/\libhal_bsp.a(alt_putstr.o)
 .debug_info    0x00000000000033e6      0x1a8 c:/Users/jarsulk/Desktop/max10_test/05.nios_ii_e/software/nios_ii_e_bsp/\libhal_bsp.a(alt_write.o)
 .debug_info    0x000000000000358e      0x127 c:/Users/jarsulk/Desktop/max10_test/05.nios_ii_e/software/nios_ii_e_bsp/\libhal_bsp.a(alt_sys_init.o)
 .debug_info    0x00000000000036b5      0x149 c:/Users/jarsulk/Desktop/max10_test/05.nios_ii_e/software/nios_ii_e_bsp/\libhal_bsp.a(altera_avalon_jtag_uart_write.o)
 .debug_info    0x00000000000037fe       0x8d c:/Users/jarsulk/Desktop/max10_test/05.nios_ii_e/software/nios_ii_e_bsp/\libhal_bsp.a(alt_dcache_flush_all.o)
 .debug_info    0x000000000000388b       0xa8 c:/Users/jarsulk/Desktop/max10_test/05.nios_ii_e/software/nios_ii_e_bsp/\libhal_bsp.a(alt_errno.o)
 .debug_info    0x0000000000003933       0x8d c:/Users/jarsulk/Desktop/max10_test/05.nios_ii_e/software/nios_ii_e_bsp/\libhal_bsp.a(alt_icache_flush_all.o)
 .debug_info    0x00000000000039c0       0x8d c:/Users/jarsulk/Desktop/max10_test/05.nios_ii_e/software/nios_ii_e_bsp/\libhal_bsp.a(altera_nios2_gen2_irq.o)
 .debug_info    0x0000000000003a4d      0x121 c:/intelfpga_lite/22.1std/nios2eds/bin/gnu/h-x86_64-mingw32/bin/../lib/gcc/nios2-elf/12.2.1/../../../../../H-x86_64-mingw32/nios2-elf/lib/mno-hw-mul\libsmallc.a(lib_a-memcpy.o)

.debug_abbrev   0x0000000000000000     0x1573
 *(.debug_abbrev)
 .debug_abbrev  0x0000000000000000       0x12 c:/Users/jarsulk/Desktop/max10_test/05.nios_ii_e/software/nios_ii_e_bsp//obj/HAL/src/crt0.o
 .debug_abbrev  0x0000000000000012       0xce obj/default/hello_world_small.o
 .debug_abbrev  0x00000000000000e0      0x21e c:/intelfpga_lite/22.1std/nios2eds/bin/gnu/h-x86_64-mingw32/bin/../lib/gcc/nios2-elf/12.2.1/../../../../../H-x86_64-mingw32/nios2-elf/lib/mno-hw-mul\libsmallc.a(lib_a-printf.o)
 .debug_abbrev  0x00000000000002fe      0x2e6 c:/intelfpga_lite/22.1std/nios2eds/bin/gnu/h-x86_64-mingw32/bin/../lib/gcc/nios2-elf/12.2.1/../../../../../H-x86_64-mingw32/nios2-elf/lib/mno-hw-mul\libsmallc.a(lib_a-vfprintf.o)
 .debug_abbrev  0x00000000000005e4      0x1fb c:/intelfpga_lite/22.1std/nios2eds/bin/gnu/h-x86_64-mingw32/bin/../lib/gcc/nios2-elf/12.2.1/../../../../../H-x86_64-mingw32/nios2-elf/lib/mno-hw-mul\libsmallc.a(lib_a-fvwrite_small_dev.o)
 .debug_abbrev  0x00000000000007df      0x185 c:/intelfpga_lite/22.1std/nios2eds/bin/gnu/h-x86_64-mingw32/bin/../lib/gcc/nios2-elf/12.2.1/../../../../../H-x86_64-mingw32/nios2-elf/lib/mno-hw-mul\libsmallc.a(lib_a-impure.o)
 .debug_abbrev  0x0000000000000964       0x8c c:/intelfpga_lite/22.1std/nios2eds/bin/gnu/h-x86_64-mingw32/bin/../lib/gcc/nios2-elf/12.2.1/../../../../../H-x86_64-mingw32/nios2-elf/lib/mno-hw-mul\libsmallc.a(lib_a-strlen.o)
 .debug_abbrev  0x00000000000009f0      0x1e0 c:/intelfpga_lite/22.1std/nios2eds/bin/gnu/h-x86_64-mingw32/bin/../lib/gcc/nios2-elf/12.2.1/../../../../../H-x86_64-mingw32/nios2-elf/lib/mno-hw-mul\libsmallc.a(lib_a-writer.o)
 .debug_abbrev  0x0000000000000bd0       0x39 c:/intelfpga_lite/22.1std/nios2eds/bin/gnu/h-x86_64-mingw32/bin/../lib/gcc/nios2-elf/12.2.1/../../../../../H-x86_64-mingw32/nios2-elf/lib/mno-hw-mul\libsmallc.a(lib_a-int_errno.o)
 .debug_abbrev  0x0000000000000c09      0x10c c:/intelfpga_lite/22.1std/nios2eds/bin/gnu/h-x86_64-mingw32/bin/../lib/gcc/nios2-elf/12.2.1/mno-hw-mul\libgcc.a(lib2-divmod.o)
 .debug_abbrev  0x0000000000000d15       0x80 c:/intelfpga_lite/22.1std/nios2eds/bin/gnu/h-x86_64-mingw32/bin/../lib/gcc/nios2-elf/12.2.1/mno-hw-mul\libgcc.a(lib2-mul.o)
 .debug_abbrev  0x0000000000000d95      0x12c c:/Users/jarsulk/Desktop/max10_test/05.nios_ii_e/software/nios_ii_e_bsp/\libhal_bsp.a(alt_load.o)
 .debug_abbrev  0x0000000000000ec1       0xeb c:/Users/jarsulk/Desktop/max10_test/05.nios_ii_e/software/nios_ii_e_bsp/\libhal_bsp.a(alt_main.o)
 .debug_abbrev  0x0000000000000fac       0xd3 c:/Users/jarsulk/Desktop/max10_test/05.nios_ii_e/software/nios_ii_e_bsp/\libhal_bsp.a(alt_putstr.o)
 .debug_abbrev  0x000000000000107f      0x117 c:/Users/jarsulk/Desktop/max10_test/05.nios_ii_e/software/nios_ii_e_bsp/\libhal_bsp.a(alt_write.o)
 .debug_abbrev  0x0000000000001196      0x107 c:/Users/jarsulk/Desktop/max10_test/05.nios_ii_e/software/nios_ii_e_bsp/\libhal_bsp.a(alt_sys_init.o)
 .debug_abbrev  0x000000000000129d       0xdc c:/Users/jarsulk/Desktop/max10_test/05.nios_ii_e/software/nios_ii_e_bsp/\libhal_bsp.a(altera_avalon_jtag_uart_write.o)
 .debug_abbrev  0x0000000000001379       0x43 c:/Users/jarsulk/Desktop/max10_test/05.nios_ii_e/software/nios_ii_e_bsp/\libhal_bsp.a(alt_dcache_flush_all.o)
 .debug_abbrev  0x00000000000013bc       0x70 c:/Users/jarsulk/Desktop/max10_test/05.nios_ii_e/software/nios_ii_e_bsp/\libhal_bsp.a(alt_errno.o)
 .debug_abbrev  0x000000000000142c       0x43 c:/Users/jarsulk/Desktop/max10_test/05.nios_ii_e/software/nios_ii_e_bsp/\libhal_bsp.a(alt_icache_flush_all.o)
 .debug_abbrev  0x000000000000146f       0x43 c:/Users/jarsulk/Desktop/max10_test/05.nios_ii_e/software/nios_ii_e_bsp/\libhal_bsp.a(altera_nios2_gen2_irq.o)
 .debug_abbrev  0x00000000000014b2       0xc1 c:/intelfpga_lite/22.1std/nios2eds/bin/gnu/h-x86_64-mingw32/bin/../lib/gcc/nios2-elf/12.2.1/../../../../../H-x86_64-mingw32/nios2-elf/lib/mno-hw-mul\libsmallc.a(lib_a-memcpy.o)

.debug_line     0x0000000000000000     0x12f6
 *(.debug_line)
 .debug_line    0x0000000000000000       0x66 c:/Users/jarsulk/Desktop/max10_test/05.nios_ii_e/software/nios_ii_e_bsp//obj/HAL/src/crt0.o
 .debug_line    0x0000000000000066       0xa6 obj/default/hello_world_small.o
 .debug_line    0x000000000000010c       0xd4 c:/intelfpga_lite/22.1std/nios2eds/bin/gnu/h-x86_64-mingw32/bin/../lib/gcc/nios2-elf/12.2.1/../../../../../H-x86_64-mingw32/nios2-elf/lib/mno-hw-mul\libsmallc.a(lib_a-printf.o)
 .debug_line    0x00000000000001e0      0x586 c:/intelfpga_lite/22.1std/nios2eds/bin/gnu/h-x86_64-mingw32/bin/../lib/gcc/nios2-elf/12.2.1/../../../../../H-x86_64-mingw32/nios2-elf/lib/mno-hw-mul\libsmallc.a(lib_a-vfprintf.o)
 .debug_line    0x0000000000000766       0xd7 c:/intelfpga_lite/22.1std/nios2eds/bin/gnu/h-x86_64-mingw32/bin/../lib/gcc/nios2-elf/12.2.1/../../../../../H-x86_64-mingw32/nios2-elf/lib/mno-hw-mul\libsmallc.a(lib_a-fvwrite_small_dev.o)
 .debug_line    0x000000000000083d       0x51 c:/intelfpga_lite/22.1std/nios2eds/bin/gnu/h-x86_64-mingw32/bin/../lib/gcc/nios2-elf/12.2.1/../../../../../H-x86_64-mingw32/nios2-elf/lib/mno-hw-mul\libsmallc.a(lib_a-impure.o)
 .debug_line    0x000000000000088e       0x7c c:/intelfpga_lite/22.1std/nios2eds/bin/gnu/h-x86_64-mingw32/bin/../lib/gcc/nios2-elf/12.2.1/../../../../../H-x86_64-mingw32/nios2-elf/lib/mno-hw-mul\libsmallc.a(lib_a-strlen.o)
 .debug_line    0x000000000000090a       0xae c:/intelfpga_lite/22.1std/nios2eds/bin/gnu/h-x86_64-mingw32/bin/../lib/gcc/nios2-elf/12.2.1/../../../../../H-x86_64-mingw32/nios2-elf/lib/mno-hw-mul\libsmallc.a(lib_a-writer.o)
 .debug_line    0x00000000000009b8       0x3a c:/intelfpga_lite/22.1std/nios2eds/bin/gnu/h-x86_64-mingw32/bin/../lib/gcc/nios2-elf/12.2.1/../../../../../H-x86_64-mingw32/nios2-elf/lib/mno-hw-mul\libsmallc.a(lib_a-int_errno.o)
 .debug_line    0x00000000000009f2      0x2e3 c:/intelfpga_lite/22.1std/nios2eds/bin/gnu/h-x86_64-mingw32/bin/../lib/gcc/nios2-elf/12.2.1/mno-hw-mul\libgcc.a(lib2-divmod.o)
 .debug_line    0x0000000000000cd5       0x88 c:/intelfpga_lite/22.1std/nios2eds/bin/gnu/h-x86_64-mingw32/bin/../lib/gcc/nios2-elf/12.2.1/mno-hw-mul\libgcc.a(lib2-mul.o)
 .debug_line    0x0000000000000d5d       0xd2 c:/Users/jarsulk/Desktop/max10_test/05.nios_ii_e/software/nios_ii_e_bsp/\libhal_bsp.a(alt_load.o)
 .debug_line    0x0000000000000e2f       0xa2 c:/Users/jarsulk/Desktop/max10_test/05.nios_ii_e/software/nios_ii_e_bsp/\libhal_bsp.a(alt_main.o)
 .debug_line    0x0000000000000ed1       0x79 c:/Users/jarsulk/Desktop/max10_test/05.nios_ii_e/software/nios_ii_e_bsp/\libhal_bsp.a(alt_putstr.o)
 .debug_line    0x0000000000000f4a       0xc5 c:/Users/jarsulk/Desktop/max10_test/05.nios_ii_e/software/nios_ii_e_bsp/\libhal_bsp.a(alt_write.o)
 .debug_line    0x000000000000100f       0x8e c:/Users/jarsulk/Desktop/max10_test/05.nios_ii_e/software/nios_ii_e_bsp/\libhal_bsp.a(alt_sys_init.o)
 .debug_line    0x000000000000109d       0x93 c:/Users/jarsulk/Desktop/max10_test/05.nios_ii_e/software/nios_ii_e_bsp/\libhal_bsp.a(altera_avalon_jtag_uart_write.o)
 .debug_line    0x0000000000001130       0x4e c:/Users/jarsulk/Desktop/max10_test/05.nios_ii_e/software/nios_ii_e_bsp/\libhal_bsp.a(alt_dcache_flush_all.o)
 .debug_line    0x000000000000117e       0x4c c:/Users/jarsulk/Desktop/max10_test/05.nios_ii_e/software/nios_ii_e_bsp/\libhal_bsp.a(alt_errno.o)
 .debug_line    0x00000000000011ca       0x4c c:/Users/jarsulk/Desktop/max10_test/05.nios_ii_e/software/nios_ii_e_bsp/\libhal_bsp.a(alt_icache_flush_all.o)
 .debug_line    0x0000000000001216       0x54 c:/Users/jarsulk/Desktop/max10_test/05.nios_ii_e/software/nios_ii_e_bsp/\libhal_bsp.a(altera_nios2_gen2_irq.o)
 .debug_line    0x000000000000126a       0x8c c:/intelfpga_lite/22.1std/nios2eds/bin/gnu/h-x86_64-mingw32/bin/../lib/gcc/nios2-elf/12.2.1/../../../../../H-x86_64-mingw32/nios2-elf/lib/mno-hw-mul\libsmallc.a(lib_a-memcpy.o)

.debug_frame    0x0000000000000000      0x390
 *(.debug_frame)
 .debug_frame   0x0000000000000000       0x2c obj/default/hello_world_small.o
 .debug_frame   0x000000000000002c       0x48 c:/intelfpga_lite/22.1std/nios2eds/bin/gnu/h-x86_64-mingw32/bin/../lib/gcc/nios2-elf/12.2.1/../../../../../H-x86_64-mingw32/nios2-elf/lib/mno-hw-mul\libsmallc.a(lib_a-printf.o)
 .debug_frame   0x0000000000000074       0x90 c:/intelfpga_lite/22.1std/nios2eds/bin/gnu/h-x86_64-mingw32/bin/../lib/gcc/nios2-elf/12.2.1/../../../../../H-x86_64-mingw32/nios2-elf/lib/mno-hw-mul\libsmallc.a(lib_a-vfprintf.o)
 .debug_frame   0x0000000000000104       0x3c c:/intelfpga_lite/22.1std/nios2eds/bin/gnu/h-x86_64-mingw32/bin/../lib/gcc/nios2-elf/12.2.1/../../../../../H-x86_64-mingw32/nios2-elf/lib/mno-hw-mul\libsmallc.a(lib_a-fvwrite_small_dev.o)
 .debug_frame   0x0000000000000140       0x20 c:/intelfpga_lite/22.1std/nios2eds/bin/gnu/h-x86_64-mingw32/bin/../lib/gcc/nios2-elf/12.2.1/../../../../../H-x86_64-mingw32/nios2-elf/lib/mno-hw-mul\libsmallc.a(lib_a-strlen.o)
 .debug_frame   0x0000000000000160       0x30 c:/intelfpga_lite/22.1std/nios2eds/bin/gnu/h-x86_64-mingw32/bin/../lib/gcc/nios2-elf/12.2.1/../../../../../H-x86_64-mingw32/nios2-elf/lib/mno-hw-mul\libsmallc.a(lib_a-writer.o)
 .debug_frame   0x0000000000000190       0x50 c:/intelfpga_lite/22.1std/nios2eds/bin/gnu/h-x86_64-mingw32/bin/../lib/gcc/nios2-elf/12.2.1/mno-hw-mul\libgcc.a(lib2-divmod.o)
 .debug_frame   0x00000000000001e0       0x20 c:/intelfpga_lite/22.1std/nios2eds/bin/gnu/h-x86_64-mingw32/bin/../lib/gcc/nios2-elf/12.2.1/mno-hw-mul\libgcc.a(lib2-mul.o)
 .debug_frame   0x0000000000000200       0x2c c:/Users/jarsulk/Desktop/max10_test/05.nios_ii_e/software/nios_ii_e_bsp/\libhal_bsp.a(alt_load.o)
 .debug_frame   0x000000000000022c       0x2c c:/Users/jarsulk/Desktop/max10_test/05.nios_ii_e/software/nios_ii_e_bsp/\libhal_bsp.a(alt_main.o)
 .debug_frame   0x0000000000000258       0x30 c:/Users/jarsulk/Desktop/max10_test/05.nios_ii_e/software/nios_ii_e_bsp/\libhal_bsp.a(alt_putstr.o)
 .debug_frame   0x0000000000000288       0x2c c:/Users/jarsulk/Desktop/max10_test/05.nios_ii_e/software/nios_ii_e_bsp/\libhal_bsp.a(alt_write.o)
 .debug_frame   0x00000000000002b4       0x3c c:/Users/jarsulk/Desktop/max10_test/05.nios_ii_e/software/nios_ii_e_bsp/\libhal_bsp.a(alt_sys_init.o)
 .debug_frame   0x00000000000002f0       0x20 c:/Users/jarsulk/Desktop/max10_test/05.nios_ii_e/software/nios_ii_e_bsp/\libhal_bsp.a(altera_avalon_jtag_uart_write.o)
 .debug_frame   0x0000000000000310       0x20 c:/Users/jarsulk/Desktop/max10_test/05.nios_ii_e/software/nios_ii_e_bsp/\libhal_bsp.a(alt_dcache_flush_all.o)
 .debug_frame   0x0000000000000330       0x20 c:/Users/jarsulk/Desktop/max10_test/05.nios_ii_e/software/nios_ii_e_bsp/\libhal_bsp.a(alt_icache_flush_all.o)
 .debug_frame   0x0000000000000350       0x20 c:/Users/jarsulk/Desktop/max10_test/05.nios_ii_e/software/nios_ii_e_bsp/\libhal_bsp.a(altera_nios2_gen2_irq.o)
 .debug_frame   0x0000000000000370       0x20 c:/intelfpga_lite/22.1std/nios2eds/bin/gnu/h-x86_64-mingw32/bin/../lib/gcc/nios2-elf/12.2.1/../../../../../H-x86_64-mingw32/nios2-elf/lib/mno-hw-mul\libsmallc.a(lib_a-memcpy.o)

.debug_str      0x0000000000000000      0xa9f
 *(.debug_str)
 .debug_str     0x0000000000000000       0x66 c:/Users/jarsulk/Desktop/max10_test/05.nios_ii_e/software/nios_ii_e_bsp//obj/HAL/src/crt0.o
 .debug_str     0x0000000000000066       0xc1 obj/default/hello_world_small.o
                                         0xff (size before relaxing)
 .debug_str     0x0000000000000127      0x380 c:/intelfpga_lite/22.1std/nios2eds/bin/gnu/h-x86_64-mingw32/bin/../lib/gcc/nios2-elf/12.2.1/../../../../../H-x86_64-mingw32/nios2-elf/lib/mno-hw-mul\libsmallc.a(lib_a-printf.o)
                                        0x455 (size before relaxing)
 .debug_str     0x00000000000004a7      0x2a8 c:/intelfpga_lite/22.1std/nios2eds/bin/gnu/h-x86_64-mingw32/bin/../lib/gcc/nios2-elf/12.2.1/../../../../../H-x86_64-mingw32/nios2-elf/lib/mno-hw-mul\libsmallc.a(lib_a-vfprintf.o)
                                        0x79c (size before relaxing)
 .debug_str     0x000000000000074f       0x25 c:/intelfpga_lite/22.1std/nios2eds/bin/gnu/h-x86_64-mingw32/bin/../lib/gcc/nios2-elf/12.2.1/../../../../../H-x86_64-mingw32/nios2-elf/lib/mno-hw-mul\libsmallc.a(lib_a-fvwrite_small_dev.o)
                                        0x410 (size before relaxing)
 .debug_str     0x0000000000000774       0x1f c:/intelfpga_lite/22.1std/nios2eds/bin/gnu/h-x86_64-mingw32/bin/../lib/gcc/nios2-elf/12.2.1/../../../../../H-x86_64-mingw32/nios2-elf/lib/mno-hw-mul\libsmallc.a(lib_a-impure.o)
                                        0x3f5 (size before relaxing)
 .debug_str     0x0000000000000793       0x1f c:/intelfpga_lite/22.1std/nios2eds/bin/gnu/h-x86_64-mingw32/bin/../lib/gcc/nios2-elf/12.2.1/../../../../../H-x86_64-mingw32/nios2-elf/lib/mno-hw-mul\libsmallc.a(lib_a-strlen.o)
                                        0x107 (size before relaxing)
 .debug_str     0x0000000000000793       0x1f c:/intelfpga_lite/22.1std/nios2eds/bin/gnu/h-x86_64-mingw32/bin/../lib/gcc/nios2-elf/12.2.1/../../../../../H-x86_64-mingw32/nios2-elf/lib/mno-hw-mul\libsmallc.a(lib_a-writer.o)
                                        0x3ef (size before relaxing)
 .debug_str     0x0000000000000793       0xf9 c:/intelfpga_lite/22.1std/nios2eds/bin/gnu/h-x86_64-mingw32/bin/../lib/gcc/nios2-elf/12.2.1/../../../../../H-x86_64-mingw32/nios2-elf/lib/mno-hw-mul\libsmallc.a(lib_a-int_errno.o)
 .debug_str     0x0000000000000793       0xcd c:/intelfpga_lite/22.1std/nios2eds/bin/gnu/h-x86_64-mingw32/bin/../lib/gcc/nios2-elf/12.2.1/mno-hw-mul\libgcc.a(lib2-divmod.o)
                                        0x122 (size before relaxing)
 .debug_str     0x0000000000000860       0xe6 c:/intelfpga_lite/22.1std/nios2eds/bin/gnu/h-x86_64-mingw32/bin/../lib/gcc/nios2-elf/12.2.1/mno-hw-mul\libgcc.a(lib2-mul.o)
 .debug_str     0x0000000000000860      0x119 c:/Users/jarsulk/Desktop/max10_test/05.nios_ii_e/software/nios_ii_e_bsp/\libhal_bsp.a(alt_load.o)
                                        0x208 (size before relaxing)
 .debug_str     0x0000000000000979       0x4b c:/Users/jarsulk/Desktop/max10_test/05.nios_ii_e/software/nios_ii_e_bsp/\libhal_bsp.a(alt_main.o)
                                        0x138 (size before relaxing)
 .debug_str     0x00000000000009c4       0x44 c:/Users/jarsulk/Desktop/max10_test/05.nios_ii_e/software/nios_ii_e_bsp/\libhal_bsp.a(alt_putstr.o)
                                        0x145 (size before relaxing)
 .debug_str     0x0000000000000a08       0x18 c:/Users/jarsulk/Desktop/max10_test/05.nios_ii_e/software/nios_ii_e_bsp/\libhal_bsp.a(alt_write.o)
                                        0x15c (size before relaxing)
 .debug_str     0x0000000000000a20       0x5c c:/Users/jarsulk/Desktop/max10_test/05.nios_ii_e/software/nios_ii_e_bsp/\libhal_bsp.a(alt_sys_init.o)
                                        0x184 (size before relaxing)
 .debug_str     0x0000000000000a7c        0x7 c:/Users/jarsulk/Desktop/max10_test/05.nios_ii_e/software/nios_ii_e_bsp/\libhal_bsp.a(altera_avalon_jtag_uart_write.o)
                                        0x15c (size before relaxing)
 .debug_str     0x0000000000000a83       0xfd c:/Users/jarsulk/Desktop/max10_test/05.nios_ii_e/software/nios_ii_e_bsp/\libhal_bsp.a(alt_dcache_flush_all.o)
 .debug_str     0x0000000000000a83        0x8 c:/Users/jarsulk/Desktop/max10_test/05.nios_ii_e/software/nios_ii_e_bsp/\libhal_bsp.a(alt_errno.o)
                                         0xfa (size before relaxing)
 .debug_str     0x0000000000000a8b       0xfd c:/Users/jarsulk/Desktop/max10_test/05.nios_ii_e/software/nios_ii_e_bsp/\libhal_bsp.a(alt_icache_flush_all.o)
 .debug_str     0x0000000000000a8b      0x103 c:/Users/jarsulk/Desktop/max10_test/05.nios_ii_e/software/nios_ii_e_bsp/\libhal_bsp.a(altera_nios2_gen2_irq.o)
 .debug_str     0x0000000000000a8b       0x14 c:/intelfpga_lite/22.1std/nios2eds/bin/gnu/h-x86_64-mingw32/bin/../lib/gcc/nios2-elf/12.2.1/../../../../../H-x86_64-mingw32/nios2-elf/lib/mno-hw-mul\libsmallc.a(lib_a-memcpy.o)
                                        0x115 (size before relaxing)

.debug_loc
 *(.debug_loc)

.debug_macinfo
 *(.debug_macinfo)

.debug_weaknames
 *(.debug_weaknames)

.debug_funcnames
 *(.debug_funcnames)

.debug_typenames
 *(.debug_typenames)

.debug_varnames
 *(.debug_varnames)

.debug_alt_sim_info
                0x0000000000000000       0x10
 *(.debug_alt_sim_info)
 .debug_alt_sim_info
                0x0000000000000000       0x10 c:/Users/jarsulk/Desktop/max10_test/05.nios_ii_e/software/nios_ii_e_bsp//obj/HAL/src/crt0.o
                0x0000000000002000                __alt_data_end = 0x2000
                0x0000000000002000                PROVIDE (__alt_stack_pointer = __alt_data_end)
                [!provide]                        PROVIDE (__alt_stack_limit = __alt_stack_base)
                [!provide]                        PROVIDE (__alt_heap_start = end)
                [!provide]                        PROVIDE (__alt_heap_limit = 0x2000)
OUTPUT(nios_ii_e.elf elf32-littlenios2)
LOAD linker stubs

.debug_ranges   0x0000000000000000       0x20
 .debug_ranges  0x0000000000000000       0x20 c:/Users/jarsulk/Desktop/max10_test/05.nios_ii_e/software/nios_ii_e_bsp//obj/HAL/src/crt0.o

.debug_loclists
                0x0000000000000000     0x1074
 .debug_loclists
                0x0000000000000000       0x65 obj/default/hello_world_small.o
 .debug_loclists
                0x0000000000000065       0xaa c:/intelfpga_lite/22.1std/nios2eds/bin/gnu/h-x86_64-mingw32/bin/../lib/gcc/nios2-elf/12.2.1/../../../../../H-x86_64-mingw32/nios2-elf/lib/mno-hw-mul\libsmallc.a(lib_a-printf.o)
 .debug_loclists
                0x000000000000010f      0x822 c:/intelfpga_lite/22.1std/nios2eds/bin/gnu/h-x86_64-mingw32/bin/../lib/gcc/nios2-elf/12.2.1/../../../../../H-x86_64-mingw32/nios2-elf/lib/mno-hw-mul\libsmallc.a(lib_a-vfprintf.o)
 .debug_loclists
                0x0000000000000931       0xc5 c:/intelfpga_lite/22.1std/nios2eds/bin/gnu/h-x86_64-mingw32/bin/../lib/gcc/nios2-elf/12.2.1/../../../../../H-x86_64-mingw32/nios2-elf/lib/mno-hw-mul\libsmallc.a(lib_a-fvwrite_small_dev.o)
 .debug_loclists
                0x00000000000009f6       0x32 c:/intelfpga_lite/22.1std/nios2eds/bin/gnu/h-x86_64-mingw32/bin/../lib/gcc/nios2-elf/12.2.1/../../../../../H-x86_64-mingw32/nios2-elf/lib/mno-hw-mul\libsmallc.a(lib_a-strlen.o)
 .debug_loclists
                0x0000000000000a28       0x88 c:/intelfpga_lite/22.1std/nios2eds/bin/gnu/h-x86_64-mingw32/bin/../lib/gcc/nios2-elf/12.2.1/../../../../../H-x86_64-mingw32/nios2-elf/lib/mno-hw-mul\libsmallc.a(lib_a-writer.o)
 .debug_loclists
                0x0000000000000ab0      0x37a c:/intelfpga_lite/22.1std/nios2eds/bin/gnu/h-x86_64-mingw32/bin/../lib/gcc/nios2-elf/12.2.1/mno-hw-mul\libgcc.a(lib2-divmod.o)
 .debug_loclists
                0x0000000000000e2a       0x5b c:/intelfpga_lite/22.1std/nios2eds/bin/gnu/h-x86_64-mingw32/bin/../lib/gcc/nios2-elf/12.2.1/mno-hw-mul\libgcc.a(lib2-mul.o)
 .debug_loclists
                0x0000000000000e85       0x2c c:/Users/jarsulk/Desktop/max10_test/05.nios_ii_e/software/nios_ii_e_bsp/\libhal_bsp.a(alt_putstr.o)
 .debug_loclists
                0x0000000000000eb1       0x7b c:/Users/jarsulk/Desktop/max10_test/05.nios_ii_e/software/nios_ii_e_bsp/\libhal_bsp.a(alt_write.o)
 .debug_loclists
                0x0000000000000f2c       0x1e c:/Users/jarsulk/Desktop/max10_test/05.nios_ii_e/software/nios_ii_e_bsp/\libhal_bsp.a(alt_sys_init.o)
 .debug_loclists
                0x0000000000000f4a       0x5e c:/Users/jarsulk/Desktop/max10_test/05.nios_ii_e/software/nios_ii_e_bsp/\libhal_bsp.a(altera_avalon_jtag_uart_write.o)
 .debug_loclists
                0x0000000000000fa8       0xcc c:/intelfpga_lite/22.1std/nios2eds/bin/gnu/h-x86_64-mingw32/bin/../lib/gcc/nios2-elf/12.2.1/../../../../../H-x86_64-mingw32/nios2-elf/lib/mno-hw-mul\libsmallc.a(lib_a-memcpy.o)

.debug_rnglists
                0x0000000000000000      0x190
 .debug_rnglists
                0x0000000000000000       0x2e obj/default/hello_world_small.o
 .debug_rnglists
                0x000000000000002e       0x19 c:/intelfpga_lite/22.1std/nios2eds/bin/gnu/h-x86_64-mingw32/bin/../lib/gcc/nios2-elf/12.2.1/../../../../../H-x86_64-mingw32/nios2-elf/lib/mno-hw-mul\libsmallc.a(lib_a-printf.o)
 .debug_rnglists
                0x0000000000000047       0x84 c:/intelfpga_lite/22.1std/nios2eds/bin/gnu/h-x86_64-mingw32/bin/../lib/gcc/nios2-elf/12.2.1/../../../../../H-x86_64-mingw32/nios2-elf/lib/mno-hw-mul\libsmallc.a(lib_a-vfprintf.o)
 .debug_rnglists
                0x00000000000000cb       0x14 c:/intelfpga_lite/22.1std/nios2eds/bin/gnu/h-x86_64-mingw32/bin/../lib/gcc/nios2-elf/12.2.1/../../../../../H-x86_64-mingw32/nios2-elf/lib/mno-hw-mul\libsmallc.a(lib_a-fvwrite_small_dev.o)
 .debug_rnglists
                0x00000000000000df       0x13 c:/intelfpga_lite/22.1std/nios2eds/bin/gnu/h-x86_64-mingw32/bin/../lib/gcc/nios2-elf/12.2.1/../../../../../H-x86_64-mingw32/nios2-elf/lib/mno-hw-mul\libsmallc.a(lib_a-strlen.o)
 .debug_rnglists
                0x00000000000000f2       0x13 c:/intelfpga_lite/22.1std/nios2eds/bin/gnu/h-x86_64-mingw32/bin/../lib/gcc/nios2-elf/12.2.1/../../../../../H-x86_64-mingw32/nios2-elf/lib/mno-hw-mul\libsmallc.a(lib_a-writer.o)
 .debug_rnglists
                0x0000000000000105       0x3f c:/intelfpga_lite/22.1std/nios2eds/bin/gnu/h-x86_64-mingw32/bin/../lib/gcc/nios2-elf/12.2.1/mno-hw-mul\libgcc.a(lib2-divmod.o)
 .debug_rnglists
                0x0000000000000144       0x23 c:/Users/jarsulk/Desktop/max10_test/05.nios_ii_e/software/nios_ii_e_bsp/\libhal_bsp.a(alt_load.o)
 .debug_rnglists
                0x0000000000000167       0x16 c:/Users/jarsulk/Desktop/max10_test/05.nios_ii_e/software/nios_ii_e_bsp/\libhal_bsp.a(alt_write.o)
 .debug_rnglists
                0x000000000000017d       0x13 c:/intelfpga_lite/22.1std/nios2eds/bin/gnu/h-x86_64-mingw32/bin/../lib/gcc/nios2-elf/12.2.1/../../../../../H-x86_64-mingw32/nios2-elf/lib/mno-hw-mul\libsmallc.a(lib_a-memcpy.o)

.debug_line_str
                0x0000000000000000      0xb0e
 .debug_line_str
                0x0000000000000000       0xc3 obj/default/hello_world_small.o
                                        0x12f (size before relaxing)
 .debug_line_str
                0x00000000000000c3      0x253 c:/intelfpga_lite/22.1std/nios2eds/bin/gnu/h-x86_64-mingw32/bin/../lib/gcc/nios2-elf/12.2.1/../../../../../H-x86_64-mingw32/nios2-elf/lib/mno-hw-mul\libsmallc.a(lib_a-printf.o)
                                        0x338 (size before relaxing)
 .debug_line_str
                0x0000000000000316       0xa6 c:/intelfpga_lite/22.1std/nios2eds/bin/gnu/h-x86_64-mingw32/bin/../lib/gcc/nios2-elf/12.2.1/../../../../../H-x86_64-mingw32/nios2-elf/lib/mno-hw-mul\libsmallc.a(lib_a-vfprintf.o)
                                        0x39b (size before relaxing)
 .debug_line_str
                0x00000000000003bc       0x49 c:/intelfpga_lite/22.1std/nios2eds/bin/gnu/h-x86_64-mingw32/bin/../lib/gcc/nios2-elf/12.2.1/../../../../../H-x86_64-mingw32/nios2-elf/lib/mno-hw-mul\libsmallc.a(lib_a-fvwrite_small_dev.o)
                                        0x33e (size before relaxing)
 .debug_line_str
                0x0000000000000405      0x100 c:/intelfpga_lite/22.1std/nios2eds/bin/gnu/h-x86_64-mingw32/bin/../lib/gcc/nios2-elf/12.2.1/../../../../../H-x86_64-mingw32/nios2-elf/lib/mno-hw-mul\libsmallc.a(lib_a-impure.o)
                                        0x2ba (size before relaxing)
 .debug_line_str
                0x0000000000000505      0x103 c:/intelfpga_lite/22.1std/nios2eds/bin/gnu/h-x86_64-mingw32/bin/../lib/gcc/nios2-elf/12.2.1/../../../../../H-x86_64-mingw32/nios2-elf/lib/mno-hw-mul\libsmallc.a(lib_a-strlen.o)
                                        0x2b3 (size before relaxing)
 .debug_line_str
                0x0000000000000608       0x47 c:/intelfpga_lite/22.1std/nios2eds/bin/gnu/h-x86_64-mingw32/bin/../lib/gcc/nios2-elf/12.2.1/../../../../../H-x86_64-mingw32/nios2-elf/lib/mno-hw-mul\libsmallc.a(lib_a-writer.o)
                                        0x326 (size before relaxing)
 .debug_line_str
                0x000000000000064f       0x41 c:/intelfpga_lite/22.1std/nios2eds/bin/gnu/h-x86_64-mingw32/bin/../lib/gcc/nios2-elf/12.2.1/../../../../../H-x86_64-mingw32/nios2-elf/lib/mno-hw-mul\libsmallc.a(lib_a-int_errno.o)
                                        0x1dd (size before relaxing)
 .debug_line_str
                0x0000000000000690       0xf2 c:/intelfpga_lite/22.1std/nios2eds/bin/gnu/h-x86_64-mingw32/bin/../lib/gcc/nios2-elf/12.2.1/mno-hw-mul\libgcc.a(lib2-divmod.o)
                                        0x1b6 (size before relaxing)
 .debug_line_str
                0x0000000000000782       0x3a c:/intelfpga_lite/22.1std/nios2eds/bin/gnu/h-x86_64-mingw32/bin/../lib/gcc/nios2-elf/12.2.1/mno-hw-mul\libgcc.a(lib2-mul.o)
                                        0x1ad (size before relaxing)
 .debug_line_str
                0x00000000000007bc       0x9e c:/Users/jarsulk/Desktop/max10_test/05.nios_ii_e/software/nios_ii_e_bsp/\libhal_bsp.a(alt_load.o)
                                        0x10f (size before relaxing)
 .debug_line_str
                0x000000000000085a       0x4a c:/Users/jarsulk/Desktop/max10_test/05.nios_ii_e/software/nios_ii_e_bsp/\libhal_bsp.a(alt_main.o)
                                        0x10e (size before relaxing)
 .debug_line_str
                0x00000000000008a4       0xc0 c:/Users/jarsulk/Desktop/max10_test/05.nios_ii_e/software/nios_ii_e_bsp/\libhal_bsp.a(alt_putstr.o)
                                        0x18c (size before relaxing)
 .debug_line_str
                0x0000000000000964       0x72 c:/Users/jarsulk/Desktop/max10_test/05.nios_ii_e/software/nios_ii_e_bsp/\libhal_bsp.a(alt_write.o)
                                        0x1a7 (size before relaxing)
 .debug_line_str
                0x00000000000009d6       0x4f c:/Users/jarsulk/Desktop/max10_test/05.nios_ii_e/software/nios_ii_e_bsp/\libhal_bsp.a(alt_sys_init.o)
                                        0x11f (size before relaxing)
 .debug_line_str
                0x0000000000000a25       0x38 c:/Users/jarsulk/Desktop/max10_test/05.nios_ii_e/software/nios_ii_e_bsp/\libhal_bsp.a(altera_avalon_jtag_uart_write.o)
                                        0x152 (size before relaxing)
 .debug_line_str
                0x0000000000000a5d       0x1f c:/Users/jarsulk/Desktop/max10_test/05.nios_ii_e/software/nios_ii_e_bsp/\libhal_bsp.a(alt_dcache_flush_all.o)
                                         0xed (size before relaxing)
 .debug_line_str
                0x0000000000000a7c       0x14 c:/Users/jarsulk/Desktop/max10_test/05.nios_ii_e/software/nios_ii_e_bsp/\libhal_bsp.a(alt_errno.o)
                                        0x140 (size before relaxing)
 .debug_line_str
                0x0000000000000a90       0x1f c:/Users/jarsulk/Desktop/max10_test/05.nios_ii_e/software/nios_ii_e_bsp/\libhal_bsp.a(alt_icache_flush_all.o)
                                         0xed (size before relaxing)
 .debug_line_str
                0x0000000000000aaf       0x20 c:/Users/jarsulk/Desktop/max10_test/05.nios_ii_e/software/nios_ii_e_bsp/\libhal_bsp.a(altera_nios2_gen2_irq.o)
                                         0xf0 (size before relaxing)
 .debug_line_str
                0x0000000000000acf       0x3f c:/intelfpga_lite/22.1std/nios2eds/bin/gnu/h-x86_64-mingw32/bin/../lib/gcc/nios2-elf/12.2.1/../../../../../H-x86_64-mingw32/nios2-elf/lib/mno-hw-mul\libsmallc.a(lib_a-memcpy.o)
                                        0x2b3 (size before relaxing)
